Copyright 1986-2020 Xilinx, Inc. All Rights Reserved.
-----------------------------------------------------------------------------------------
| Tool Version : Vivado v.2020.1 (win64) Build 2902540 Wed May 27 19:54:49 MDT 2020
| Date         : Wed Jun 18 19:15:06 2025
| Host         : Arif running 64-bit major release  (build 9200)
| Command      : report_control_sets -verbose -file t02_Word_top_control_sets_placed.rpt
| Design       : t02_Word_top
| Device       : xc7a35t
-----------------------------------------------------------------------------------------

Control Set Information

Table of Contents
-----------------
1. Summary
2. Histogram
3. Flip-Flop Distribution
4. Detailed Control Set Information

1. Summary
----------

+----------------------------------------------------------+-------+
|                          Status                          | Count |
+----------------------------------------------------------+-------+
| Total control sets                                       |    25 |
|    Minimum number of control sets                        |    25 |
|    Addition due to synthesis replication                 |     0 |
|    Addition due to physical synthesis replication        |     0 |
| Unused register locations in slices containing registers |    71 |
+----------------------------------------------------------+-------+
* Control sets can be merged at opt_design using control_set_merge or merge_equivalent_drivers
** Run report_qor_suggestions for automated merging and remapping suggestions


2. Histogram
------------

+--------------------+-------+
|       Fanout       | Count |
+--------------------+-------+
| Total control sets |    25 |
| >= 0 to < 4        |     4 |
| >= 4 to < 6        |     3 |
| >= 6 to < 8        |     1 |
| >= 8 to < 10       |     4 |
| >= 10 to < 12      |     1 |
| >= 12 to < 14      |     1 |
| >= 14 to < 16      |     0 |
| >= 16              |    11 |
+--------------------+-------+
* Control sets can be remapped at either synth_design or opt_design


3. Flip-Flop Distribution
-------------------------

+--------------+-----------------------+------------------------+-----------------+--------------+
| Clock Enable | Synchronous Set/Reset | Asynchronous Set/Reset | Total Registers | Total Slices |
+--------------+-----------------------+------------------------+-----------------+--------------+
| No           | No                    | No                     |              66 |           42 |
| No           | No                    | Yes                    |              58 |           22 |
| No           | Yes                   | No                     |              23 |            8 |
| Yes          | No                    | No                     |             386 |           73 |
| Yes          | No                    | Yes                    |              99 |           38 |
| Yes          | Yes                   | No                     |               9 |            4 |
+--------------+-----------------------+------------------------+-----------------+--------------+


4. Detailed Control Set Information
-----------------------------------

+--------------------------------------+-------------------------------------------------------------------------------------+-------------------------------------------+------------------+----------------+--------------+
|             Clock Signal             |                                    Enable Signal                                    |              Set/Reset Signal             | Slice Load Count | Bel Load Count | Bels / Slice |
+--------------------------------------+-------------------------------------------------------------------------------------+-------------------------------------------+------------------+----------------+--------------+
|  PC/AS[0]                            |                                                                                     |                                           |                1 |              1 |         1.00 |
| ~debounce_ofAll/userbutton_updown[0] |                                                                                     |                                           |                1 |              1 |         1.00 |
| ~debounce_ofAll/userbutton_updown[1] |                                                                                     |                                           |                1 |              1 |         1.00 |
|  PC/current_pc_reg[3]_7[0]           |                                                                                     | S_RST_BUFG                                |                1 |              3 |         3.00 |
|  CLK_top_IBUF_BUFG                   | userinterface_ofAll/Si_pre_fourHEX[31]_i_1_n_2                                      | debounce_ofAll/Si_pre_fourHEX_reg[31]_i_3 |                3 |              4 |         1.33 |
|  CLK_top_IBUF_BUFG                   | debounce_ofAll/cycle_counter[4]_i_2_n_2                                             | debounce_ofAll/cycle_counter[4]_i_1_n_2   |                1 |              5 |         5.00 |
|  CLK_top_IBUF_BUFG                   | oled_controller_top_mdl/i2c_sender_inst/E[0]                                        | userinterface_ofAll/Si_i2c_trig_d_reg_0   |                4 |              5 |         1.25 |
|  CLK_top_IBUF_BUFG                   | oled_controller_top_mdl/i2c_master_inst/busy1                                       | userinterface_ofAll/Si_i2c_trig_d_reg_0   |                3 |              7 |         2.33 |
|  CLK_top_IBUF_BUFG                   | oled_controller_top_mdl/i2c_sender_inst/i2c_master_data_wr0                         |                                           |                2 |              8 |         4.00 |
|  CLK_top_IBUF_BUFG                   | oled_controller_top_mdl/i2c_master_inst/addr_rw0                                    |                                           |                2 |              8 |         4.00 |
| ~S_RST_BUFG                          |                                                                                     | PC/AS[0]                                  |                3 |              8 |         2.67 |
|  n_0_1588_BUFG                       |                                                                                     |                                           |                5 |              9 |         1.80 |
|  CLK_top_IBUF_BUFG                   | oled_controller_top_mdl/i2c_sender_inst/FSM_sequential_current_main_state_reg[0][0] |                                           |                5 |             10 |         2.00 |
|                                      |                                                                                     | S_RST_BUFG                                |                4 |             12 |         3.00 |
|  CLK_top_IBUF_BUFG                   | debounce_ofAll/debounce_cntr[0]_i_1_n_2                                             |                                           |                5 |             20 |         4.00 |
|  CLK_top_IBUF_BUFG                   |                                                                                     |                                           |               12 |             22 |         1.83 |
|  CLK_top_IBUF_BUFG                   | oled_controller_top_mdl/startup_delay_counter                                       | userinterface_ofAll/Si_i2c_trig_d_reg_0   |                6 |             24 |         4.00 |
|  CLK_top_IBUF_BUFG                   |                                                                                     | userinterface_ofAll/Si_i2c_trig_d_reg_0   |               13 |             26 |         2.00 |
|  CLK_top_IBUF_BUFG                   | userinterface_ofAll/Si_pre_fourHEX[31]_i_1_n_2                                      |                                           |                7 |             28 |         4.00 |
|  CLK_top_IBUF_BUFG                   | oled_controller_top_mdl/i2c_sender_inst/FSM_sequential_current_main_state_reg[2][0] | userinterface_ofAll/Si_i2c_trig_d_reg_0   |               13 |             31 |         2.38 |
|  CLK_top_IBUF_BUFG                   | oled_controller_top_mdl/i2c_sender_inst/FSM_sequential_current_main_state_reg[4][0] | userinterface_ofAll/Si_i2c_trig_d_reg_0   |               12 |             32 |         2.67 |
|  S_CLK_BUFG                          |                                                                                     | S_RST_BUFG                                |                9 |             32 |         3.56 |
|  n_1_164_BUFG                        |                                                                                     |                                           |               22 |             32 |         1.45 |
|  S_CLK_BUFG                          | n_0_1588_BUFG                                                                       |                                           |               12 |             96 |         8.00 |
|  CLK_top_IBUF_BUFG                   | oled_controller_top_mdl/SMILEY_BITMAP_DATA_reg[7][7]0                               |                                           |               52 |            312 |         6.00 |
+--------------------------------------+-------------------------------------------------------------------------------------+-------------------------------------------+------------------+----------------+--------------+


