Copyright 1986-2020 Xilinx, Inc. All Rights Reserved.
-----------------------------------------------------------------------------------------
| Tool Version : Vivado v.2020.1 (win64) Build 2902540 Wed May 27 19:54:49 MDT 2020
| Date         : Sun Mar  9 16:21:55 2025
| Host         : Arif running 64-bit major release  (build 9200)
| Command      : report_control_sets -verbose -file t02_Word_top_control_sets_placed.rpt
| Design       : t02_Word_top
| Device       : xc7a35t
-----------------------------------------------------------------------------------------

Control Set Information

Table of Contents
-----------------
1. Summary
2. Histogram
3. Flip-Flop Distribution
4. Detailed Control Set Information

1. Summary
----------

+----------------------------------------------------------+-------+
|                          Status                          | Count |
+----------------------------------------------------------+-------+
| Total control sets                                       |    20 |
|    Minimum number of control sets                        |    20 |
|    Addition due to synthesis replication                 |     0 |
|    Addition due to physical synthesis replication        |     0 |
| Unused register locations in slices containing registers |    73 |
+----------------------------------------------------------+-------+
* Control sets can be merged at opt_design using control_set_merge or merge_equivalent_drivers
** Run report_qor_suggestions for automated merging and remapping suggestions


2. Histogram
------------

+--------------------+-------+
|       Fanout       | Count |
+--------------------+-------+
| Total control sets |    20 |
| >= 0 to < 4        |     7 |
| >= 4 to < 6        |     4 |
| >= 6 to < 8        |     0 |
| >= 8 to < 10       |     2 |
| >= 10 to < 12      |     0 |
| >= 12 to < 14      |     1 |
| >= 14 to < 16      |     0 |
| >= 16              |     6 |
+--------------------+-------+
* Control sets can be remapped at either synth_design or opt_design


3. Flip-Flop Distribution
-------------------------

+--------------+-----------------------+------------------------+-----------------+--------------+
| Clock Enable | Synchronous Set/Reset | Asynchronous Set/Reset | Total Registers | Total Slices |
+--------------+-----------------------+------------------------+-----------------+--------------+
| No           | No                    | No                     |              40 |           22 |
| No           | No                    | Yes                    |              32 |            8 |
| No           | Yes                   | No                     |              74 |           38 |
| Yes          | No                    | No                     |              28 |           13 |
| Yes          | No                    | Yes                    |               0 |            0 |
| Yes          | Yes                   | No                     |               9 |            4 |
+--------------+-----------------------+------------------------+-----------------+--------------+


4. Detailed Control Set Information
-----------------------------------

+--------------------------------------+-----------------------------------------+-----------------------------------------+------------------+----------------+--------------+
|             Clock Signal             |              Enable Signal              |             Set/Reset Signal            | Slice Load Count | Bel Load Count | Bels / Slice |
+--------------------------------------+-----------------------------------------+-----------------------------------------+------------------+----------------+--------------+
|  p_0_out[0]                          |                                         | n_0_1058_BUFG                           |                1 |              1 |         1.00 |
|  PC/current_pc_reg[3]_8[0]           |                                         |                                         |                1 |              1 |         1.00 |
| ~debounce_ofAll/userbutton_updown[1] |                                         |                                         |                1 |              1 |         1.00 |
| ~debounce_ofAll/userbutton_updown[0] |                                         |                                         |                1 |              1 |         1.00 |
|  CLK_top_IBUF_BUFG                   | segment_ofAll/p_0_in                    | segment_ofAll/SEGMENT4_top[3]_i_1_n_1   |                2 |              2 |         1.00 |
|  CLK_top_IBUF_BUFG                   | segment_ofAll/p_0_in                    | segment_ofAll/SEGMENT4_top[2]_i_1_n_1   |                1 |              2 |         2.00 |
| ~debounce_ofAll/userbutton_msblsb[0] |                                         |                                         |                3 |              3 |         1.00 |
|  PC/current_pc_reg[3]_6[0]           |                                         | S_RST_BUFG                              |                1 |              4 |         4.00 |
|                                      |                                         | S_RST_BUFG                              |                3 |              5 |         1.67 |
|  PC/current_pc_reg[1]_2[0]           |                                         | S_RST_BUFG                              |                3 |              5 |         1.67 |
|  CLK_top_IBUF_BUFG                   | debounce_ofAll/cycle_counter[4]_i_2_n_1 | debounce_ofAll/cycle_counter[4]_i_1_n_1 |                1 |              5 |         5.00 |
| ~S_RST_BUFG                          |                                         | PC/current_pc_reg[3]_8[0]               |                2 |              8 |         4.00 |
|  CLK_top_IBUF_BUFG                   | segment_ofAll/p_0_in                    |                                         |                8 |              8 |         1.00 |
|  PC/E[0]                             |                                         |                                         |                6 |             13 |         2.17 |
|  CLK_top_IBUF_BUFG                   |                                         | segment_ofAll/sel                       |                5 |             19 |         3.80 |
|  CLK_top_IBUF_BUFG                   | debounce_ofAll/debounce_cntr[0]_i_1_n_1 |                                         |                5 |             20 |         4.00 |
|  CLK_top_IBUF_BUFG                   |                                         |                                         |               10 |             21 |         2.10 |
|  S_CLK_BUFG                          |                                         | S_RST_BUFG                              |                8 |             32 |         4.00 |
|  n_0_1058_BUFG                       |                                         | p_0_out[0]                              |               23 |             32 |         1.39 |
|  S_CLK_BUFG                          | n_0_1058_BUFG                           |                                         |               12 |             96 |         8.00 |
+--------------------------------------+-----------------------------------------+-----------------------------------------+------------------+----------------+--------------+


