Copyright 1986-2020 Xilinx, Inc. All Rights Reserved.
--------------------------------------------------------------------------------------------------------------------------------------------------------------------------
| Tool Version : Vivado v.2020.1 (win64) Build 2902540 Wed May 27 19:54:49 MDT 2020
| Date         : Sun Mar  9 16:22:07 2025
| Host         : Arif running 64-bit major release  (build 9200)
| Command      : report_methodology -file t02_Word_top_methodology_drc_routed.rpt -pb t02_Word_top_methodology_drc_routed.pb -rpx t02_Word_top_methodology_drc_routed.rpx
| Design       : t02_Word_top
| Device       : xc7a35tcpg236-1
| Speed File   : -1
| Design State : Fully Routed
--------------------------------------------------------------------------------------------------------------------------------------------------------------------------

Report Methodology

Table of Contents
-----------------
1. REPORT SUMMARY
2. REPORT DETAILS

1. REPORT SUMMARY
-----------------
            Netlist: netlist
          Floorplan: design_1
      Design limits: <entire design considered>
             Max violations: <unlimited>
             Violations found: 247
+-----------+------------------+-------------------------------+------------+
| Rule      | Severity         | Description                   | Violations |
+-----------+------------------+-------------------------------+------------+
| TIMING-17 | Critical Warning | Non-clocked sequential cell   | 133        |
| LUTAR-1   | Warning          | LUT drives async reset alert  | 1          |
| TIMING-18 | Warning          | Missing input or output delay | 49         |
| TIMING-20 | Warning          | Non-clocked latch             | 64         |
+-----------+------------------+-------------------------------+------------+

2. REPORT DETAILS
-----------------
TIMING-17#1 Critical Warning
Non-clocked sequential cell  
The clock pin PC/current_pc_reg[0]/C is not reached by a timing clock
Related violations: <none>

TIMING-17#2 Critical Warning
Non-clocked sequential cell  
The clock pin PC/current_pc_reg[10]/C is not reached by a timing clock
Related violations: <none>

TIMING-17#3 Critical Warning
Non-clocked sequential cell  
The clock pin PC/current_pc_reg[11]/C is not reached by a timing clock
Related violations: <none>

TIMING-17#4 Critical Warning
Non-clocked sequential cell  
The clock pin PC/current_pc_reg[12]/C is not reached by a timing clock
Related violations: <none>

TIMING-17#5 Critical Warning
Non-clocked sequential cell  
The clock pin PC/current_pc_reg[13]/C is not reached by a timing clock
Related violations: <none>

TIMING-17#6 Critical Warning
Non-clocked sequential cell  
The clock pin PC/current_pc_reg[14]/C is not reached by a timing clock
Related violations: <none>

TIMING-17#7 Critical Warning
Non-clocked sequential cell  
The clock pin PC/current_pc_reg[15]/C is not reached by a timing clock
Related violations: <none>

TIMING-17#8 Critical Warning
Non-clocked sequential cell  
The clock pin PC/current_pc_reg[16]/C is not reached by a timing clock
Related violations: <none>

TIMING-17#9 Critical Warning
Non-clocked sequential cell  
The clock pin PC/current_pc_reg[17]/C is not reached by a timing clock
Related violations: <none>

TIMING-17#10 Critical Warning
Non-clocked sequential cell  
The clock pin PC/current_pc_reg[18]/C is not reached by a timing clock
Related violations: <none>

TIMING-17#11 Critical Warning
Non-clocked sequential cell  
The clock pin PC/current_pc_reg[19]/C is not reached by a timing clock
Related violations: <none>

TIMING-17#12 Critical Warning
Non-clocked sequential cell  
The clock pin PC/current_pc_reg[1]/C is not reached by a timing clock
Related violations: <none>

TIMING-17#13 Critical Warning
Non-clocked sequential cell  
The clock pin PC/current_pc_reg[20]/C is not reached by a timing clock
Related violations: <none>

TIMING-17#14 Critical Warning
Non-clocked sequential cell  
The clock pin PC/current_pc_reg[21]/C is not reached by a timing clock
Related violations: <none>

TIMING-17#15 Critical Warning
Non-clocked sequential cell  
The clock pin PC/current_pc_reg[22]/C is not reached by a timing clock
Related violations: <none>

TIMING-17#16 Critical Warning
Non-clocked sequential cell  
The clock pin PC/current_pc_reg[23]/C is not reached by a timing clock
Related violations: <none>

TIMING-17#17 Critical Warning
Non-clocked sequential cell  
The clock pin PC/current_pc_reg[24]/C is not reached by a timing clock
Related violations: <none>

TIMING-17#18 Critical Warning
Non-clocked sequential cell  
The clock pin PC/current_pc_reg[25]/C is not reached by a timing clock
Related violations: <none>

TIMING-17#19 Critical Warning
Non-clocked sequential cell  
The clock pin PC/current_pc_reg[26]/C is not reached by a timing clock
Related violations: <none>

TIMING-17#20 Critical Warning
Non-clocked sequential cell  
The clock pin PC/current_pc_reg[27]/C is not reached by a timing clock
Related violations: <none>

TIMING-17#21 Critical Warning
Non-clocked sequential cell  
The clock pin PC/current_pc_reg[28]/C is not reached by a timing clock
Related violations: <none>

TIMING-17#22 Critical Warning
Non-clocked sequential cell  
The clock pin PC/current_pc_reg[29]/C is not reached by a timing clock
Related violations: <none>

TIMING-17#23 Critical Warning
Non-clocked sequential cell  
The clock pin PC/current_pc_reg[2]/C is not reached by a timing clock
Related violations: <none>

TIMING-17#24 Critical Warning
Non-clocked sequential cell  
The clock pin PC/current_pc_reg[30]/C is not reached by a timing clock
Related violations: <none>

TIMING-17#25 Critical Warning
Non-clocked sequential cell  
The clock pin PC/current_pc_reg[31]/C is not reached by a timing clock
Related violations: <none>

TIMING-17#26 Critical Warning
Non-clocked sequential cell  
The clock pin PC/current_pc_reg[3]/C is not reached by a timing clock
Related violations: <none>

TIMING-17#27 Critical Warning
Non-clocked sequential cell  
The clock pin PC/current_pc_reg[4]/C is not reached by a timing clock
Related violations: <none>

TIMING-17#28 Critical Warning
Non-clocked sequential cell  
The clock pin PC/current_pc_reg[5]/C is not reached by a timing clock
Related violations: <none>

TIMING-17#29 Critical Warning
Non-clocked sequential cell  
The clock pin PC/current_pc_reg[6]/C is not reached by a timing clock
Related violations: <none>

TIMING-17#30 Critical Warning
Non-clocked sequential cell  
The clock pin PC/current_pc_reg[7]/C is not reached by a timing clock
Related violations: <none>

TIMING-17#31 Critical Warning
Non-clocked sequential cell  
The clock pin PC/current_pc_reg[8]/C is not reached by a timing clock
Related violations: <none>

TIMING-17#32 Critical Warning
Non-clocked sequential cell  
The clock pin PC/current_pc_reg[9]/C is not reached by a timing clock
Related violations: <none>

TIMING-17#33 Critical Warning
Non-clocked sequential cell  
The clock pin Reg/RAM_reg_reg_r1_0_31_0_5/RAMA/CLK is not reached by a timing clock
Related violations: <none>

TIMING-17#34 Critical Warning
Non-clocked sequential cell  
The clock pin Reg/RAM_reg_reg_r1_0_31_0_5/RAMA_D1/CLK is not reached by a timing clock
Related violations: <none>

TIMING-17#35 Critical Warning
Non-clocked sequential cell  
The clock pin Reg/RAM_reg_reg_r1_0_31_0_5/RAMB/CLK is not reached by a timing clock
Related violations: <none>

TIMING-17#36 Critical Warning
Non-clocked sequential cell  
The clock pin Reg/RAM_reg_reg_r1_0_31_0_5/RAMB_D1/CLK is not reached by a timing clock
Related violations: <none>

TIMING-17#37 Critical Warning
Non-clocked sequential cell  
The clock pin Reg/RAM_reg_reg_r1_0_31_0_5/RAMC/CLK is not reached by a timing clock
Related violations: <none>

TIMING-17#38 Critical Warning
Non-clocked sequential cell  
The clock pin Reg/RAM_reg_reg_r1_0_31_0_5/RAMC_D1/CLK is not reached by a timing clock
Related violations: <none>

TIMING-17#39 Critical Warning
Non-clocked sequential cell  
The clock pin Reg/RAM_reg_reg_r1_0_31_0_5/RAMD/CLK is not reached by a timing clock
Related violations: <none>

TIMING-17#40 Critical Warning
Non-clocked sequential cell  
The clock pin Reg/RAM_reg_reg_r1_0_31_0_5/RAMD_D1/CLK is not reached by a timing clock
Related violations: <none>

TIMING-17#41 Critical Warning
Non-clocked sequential cell  
The clock pin Reg/RAM_reg_reg_r1_0_31_12_17/RAMA/CLK is not reached by a timing clock
Related violations: <none>

TIMING-17#42 Critical Warning
Non-clocked sequential cell  
The clock pin Reg/RAM_reg_reg_r1_0_31_12_17/RAMA_D1/CLK is not reached by a timing clock
Related violations: <none>

TIMING-17#43 Critical Warning
Non-clocked sequential cell  
The clock pin Reg/RAM_reg_reg_r1_0_31_12_17/RAMB/CLK is not reached by a timing clock
Related violations: <none>

TIMING-17#44 Critical Warning
Non-clocked sequential cell  
The clock pin Reg/RAM_reg_reg_r1_0_31_12_17/RAMB_D1/CLK is not reached by a timing clock
Related violations: <none>

TIMING-17#45 Critical Warning
Non-clocked sequential cell  
The clock pin Reg/RAM_reg_reg_r1_0_31_12_17/RAMC/CLK is not reached by a timing clock
Related violations: <none>

TIMING-17#46 Critical Warning
Non-clocked sequential cell  
The clock pin Reg/RAM_reg_reg_r1_0_31_12_17/RAMC_D1/CLK is not reached by a timing clock
Related violations: <none>

TIMING-17#47 Critical Warning
Non-clocked sequential cell  
The clock pin Reg/RAM_reg_reg_r1_0_31_12_17/RAMD/CLK is not reached by a timing clock
Related violations: <none>

TIMING-17#48 Critical Warning
Non-clocked sequential cell  
The clock pin Reg/RAM_reg_reg_r1_0_31_12_17/RAMD_D1/CLK is not reached by a timing clock
Related violations: <none>

TIMING-17#49 Critical Warning
Non-clocked sequential cell  
The clock pin Reg/RAM_reg_reg_r1_0_31_18_23/RAMA/CLK is not reached by a timing clock
Related violations: <none>

TIMING-17#50 Critical Warning
Non-clocked sequential cell  
The clock pin Reg/RAM_reg_reg_r1_0_31_18_23/RAMA_D1/CLK is not reached by a timing clock
Related violations: <none>

TIMING-17#51 Critical Warning
Non-clocked sequential cell  
The clock pin Reg/RAM_reg_reg_r1_0_31_18_23/RAMB/CLK is not reached by a timing clock
Related violations: <none>

TIMING-17#52 Critical Warning
Non-clocked sequential cell  
The clock pin Reg/RAM_reg_reg_r1_0_31_18_23/RAMB_D1/CLK is not reached by a timing clock
Related violations: <none>

TIMING-17#53 Critical Warning
Non-clocked sequential cell  
The clock pin Reg/RAM_reg_reg_r1_0_31_18_23/RAMC/CLK is not reached by a timing clock
Related violations: <none>

TIMING-17#54 Critical Warning
Non-clocked sequential cell  
The clock pin Reg/RAM_reg_reg_r1_0_31_18_23/RAMC_D1/CLK is not reached by a timing clock
Related violations: <none>

TIMING-17#55 Critical Warning
Non-clocked sequential cell  
The clock pin Reg/RAM_reg_reg_r1_0_31_18_23/RAMD/CLK is not reached by a timing clock
Related violations: <none>

TIMING-17#56 Critical Warning
Non-clocked sequential cell  
The clock pin Reg/RAM_reg_reg_r1_0_31_18_23/RAMD_D1/CLK is not reached by a timing clock
Related violations: <none>

TIMING-17#57 Critical Warning
Non-clocked sequential cell  
The clock pin Reg/RAM_reg_reg_r1_0_31_24_29/RAMA/CLK is not reached by a timing clock
Related violations: <none>

TIMING-17#58 Critical Warning
Non-clocked sequential cell  
The clock pin Reg/RAM_reg_reg_r1_0_31_24_29/RAMA_D1/CLK is not reached by a timing clock
Related violations: <none>

TIMING-17#59 Critical Warning
Non-clocked sequential cell  
The clock pin Reg/RAM_reg_reg_r1_0_31_24_29/RAMB/CLK is not reached by a timing clock
Related violations: <none>

TIMING-17#60 Critical Warning
Non-clocked sequential cell  
The clock pin Reg/RAM_reg_reg_r1_0_31_24_29/RAMB_D1/CLK is not reached by a timing clock
Related violations: <none>

TIMING-17#61 Critical Warning
Non-clocked sequential cell  
The clock pin Reg/RAM_reg_reg_r1_0_31_24_29/RAMC/CLK is not reached by a timing clock
Related violations: <none>

TIMING-17#62 Critical Warning
Non-clocked sequential cell  
The clock pin Reg/RAM_reg_reg_r1_0_31_24_29/RAMC_D1/CLK is not reached by a timing clock
Related violations: <none>

TIMING-17#63 Critical Warning
Non-clocked sequential cell  
The clock pin Reg/RAM_reg_reg_r1_0_31_24_29/RAMD/CLK is not reached by a timing clock
Related violations: <none>

TIMING-17#64 Critical Warning
Non-clocked sequential cell  
The clock pin Reg/RAM_reg_reg_r1_0_31_24_29/RAMD_D1/CLK is not reached by a timing clock
Related violations: <none>

TIMING-17#65 Critical Warning
Non-clocked sequential cell  
The clock pin Reg/RAM_reg_reg_r1_0_31_30_31/RAMA/CLK is not reached by a timing clock
Related violations: <none>

TIMING-17#66 Critical Warning
Non-clocked sequential cell  
The clock pin Reg/RAM_reg_reg_r1_0_31_30_31/RAMA_D1/CLK is not reached by a timing clock
Related violations: <none>

TIMING-17#67 Critical Warning
Non-clocked sequential cell  
The clock pin Reg/RAM_reg_reg_r1_0_31_30_31/RAMB/CLK is not reached by a timing clock
Related violations: <none>

TIMING-17#68 Critical Warning
Non-clocked sequential cell  
The clock pin Reg/RAM_reg_reg_r1_0_31_30_31/RAMB_D1/CLK is not reached by a timing clock
Related violations: <none>

TIMING-17#69 Critical Warning
Non-clocked sequential cell  
The clock pin Reg/RAM_reg_reg_r1_0_31_30_31/RAMC/CLK is not reached by a timing clock
Related violations: <none>

TIMING-17#70 Critical Warning
Non-clocked sequential cell  
The clock pin Reg/RAM_reg_reg_r1_0_31_30_31/RAMC_D1/CLK is not reached by a timing clock
Related violations: <none>

TIMING-17#71 Critical Warning
Non-clocked sequential cell  
The clock pin Reg/RAM_reg_reg_r1_0_31_30_31/RAMD/CLK is not reached by a timing clock
Related violations: <none>

TIMING-17#72 Critical Warning
Non-clocked sequential cell  
The clock pin Reg/RAM_reg_reg_r1_0_31_30_31/RAMD_D1/CLK is not reached by a timing clock
Related violations: <none>

TIMING-17#73 Critical Warning
Non-clocked sequential cell  
The clock pin Reg/RAM_reg_reg_r1_0_31_6_11/RAMA/CLK is not reached by a timing clock
Related violations: <none>

TIMING-17#74 Critical Warning
Non-clocked sequential cell  
The clock pin Reg/RAM_reg_reg_r1_0_31_6_11/RAMA_D1/CLK is not reached by a timing clock
Related violations: <none>

TIMING-17#75 Critical Warning
Non-clocked sequential cell  
The clock pin Reg/RAM_reg_reg_r1_0_31_6_11/RAMB/CLK is not reached by a timing clock
Related violations: <none>

TIMING-17#76 Critical Warning
Non-clocked sequential cell  
The clock pin Reg/RAM_reg_reg_r1_0_31_6_11/RAMB_D1/CLK is not reached by a timing clock
Related violations: <none>

TIMING-17#77 Critical Warning
Non-clocked sequential cell  
The clock pin Reg/RAM_reg_reg_r1_0_31_6_11/RAMC/CLK is not reached by a timing clock
Related violations: <none>

TIMING-17#78 Critical Warning
Non-clocked sequential cell  
The clock pin Reg/RAM_reg_reg_r1_0_31_6_11/RAMC_D1/CLK is not reached by a timing clock
Related violations: <none>

TIMING-17#79 Critical Warning
Non-clocked sequential cell  
The clock pin Reg/RAM_reg_reg_r1_0_31_6_11/RAMD/CLK is not reached by a timing clock
Related violations: <none>

TIMING-17#80 Critical Warning
Non-clocked sequential cell  
The clock pin Reg/RAM_reg_reg_r1_0_31_6_11/RAMD_D1/CLK is not reached by a timing clock
Related violations: <none>

TIMING-17#81 Critical Warning
Non-clocked sequential cell  
The clock pin Reg/RAM_reg_reg_r2_0_31_0_5/RAMA/CLK is not reached by a timing clock
Related violations: <none>

TIMING-17#82 Critical Warning
Non-clocked sequential cell  
The clock pin Reg/RAM_reg_reg_r2_0_31_0_5/RAMA_D1/CLK is not reached by a timing clock
Related violations: <none>

TIMING-17#83 Critical Warning
Non-clocked sequential cell  
The clock pin Reg/RAM_reg_reg_r2_0_31_0_5/RAMB/CLK is not reached by a timing clock
Related violations: <none>

TIMING-17#84 Critical Warning
Non-clocked sequential cell  
The clock pin Reg/RAM_reg_reg_r2_0_31_0_5/RAMB_D1/CLK is not reached by a timing clock
Related violations: <none>

TIMING-17#85 Critical Warning
Non-clocked sequential cell  
The clock pin Reg/RAM_reg_reg_r2_0_31_0_5/RAMC/CLK is not reached by a timing clock
Related violations: <none>

TIMING-17#86 Critical Warning
Non-clocked sequential cell  
The clock pin Reg/RAM_reg_reg_r2_0_31_0_5/RAMC_D1/CLK is not reached by a timing clock
Related violations: <none>

TIMING-17#87 Critical Warning
Non-clocked sequential cell  
The clock pin Reg/RAM_reg_reg_r2_0_31_0_5/RAMD/CLK is not reached by a timing clock
Related violations: <none>

TIMING-17#88 Critical Warning
Non-clocked sequential cell  
The clock pin Reg/RAM_reg_reg_r2_0_31_0_5/RAMD_D1/CLK is not reached by a timing clock
Related violations: <none>

TIMING-17#89 Critical Warning
Non-clocked sequential cell  
The clock pin Reg/RAM_reg_reg_r2_0_31_12_17/RAMA/CLK is not reached by a timing clock
Related violations: <none>

TIMING-17#90 Critical Warning
Non-clocked sequential cell  
The clock pin Reg/RAM_reg_reg_r2_0_31_12_17/RAMA_D1/CLK is not reached by a timing clock
Related violations: <none>

TIMING-17#91 Critical Warning
Non-clocked sequential cell  
The clock pin Reg/RAM_reg_reg_r2_0_31_12_17/RAMB/CLK is not reached by a timing clock
Related violations: <none>

TIMING-17#92 Critical Warning
Non-clocked sequential cell  
The clock pin Reg/RAM_reg_reg_r2_0_31_12_17/RAMB_D1/CLK is not reached by a timing clock
Related violations: <none>

TIMING-17#93 Critical Warning
Non-clocked sequential cell  
The clock pin Reg/RAM_reg_reg_r2_0_31_12_17/RAMC/CLK is not reached by a timing clock
Related violations: <none>

TIMING-17#94 Critical Warning
Non-clocked sequential cell  
The clock pin Reg/RAM_reg_reg_r2_0_31_12_17/RAMC_D1/CLK is not reached by a timing clock
Related violations: <none>

TIMING-17#95 Critical Warning
Non-clocked sequential cell  
The clock pin Reg/RAM_reg_reg_r2_0_31_12_17/RAMD/CLK is not reached by a timing clock
Related violations: <none>

TIMING-17#96 Critical Warning
Non-clocked sequential cell  
The clock pin Reg/RAM_reg_reg_r2_0_31_12_17/RAMD_D1/CLK is not reached by a timing clock
Related violations: <none>

TIMING-17#97 Critical Warning
Non-clocked sequential cell  
The clock pin Reg/RAM_reg_reg_r2_0_31_18_23/RAMA/CLK is not reached by a timing clock
Related violations: <none>

TIMING-17#98 Critical Warning
Non-clocked sequential cell  
The clock pin Reg/RAM_reg_reg_r2_0_31_18_23/RAMA_D1/CLK is not reached by a timing clock
Related violations: <none>

TIMING-17#99 Critical Warning
Non-clocked sequential cell  
The clock pin Reg/RAM_reg_reg_r2_0_31_18_23/RAMB/CLK is not reached by a timing clock
Related violations: <none>

TIMING-17#100 Critical Warning
Non-clocked sequential cell  
The clock pin Reg/RAM_reg_reg_r2_0_31_18_23/RAMB_D1/CLK is not reached by a timing clock
Related violations: <none>

TIMING-17#101 Critical Warning
Non-clocked sequential cell  
The clock pin Reg/RAM_reg_reg_r2_0_31_18_23/RAMC/CLK is not reached by a timing clock
Related violations: <none>

TIMING-17#102 Critical Warning
Non-clocked sequential cell  
The clock pin Reg/RAM_reg_reg_r2_0_31_18_23/RAMC_D1/CLK is not reached by a timing clock
Related violations: <none>

TIMING-17#103 Critical Warning
Non-clocked sequential cell  
The clock pin Reg/RAM_reg_reg_r2_0_31_18_23/RAMD/CLK is not reached by a timing clock
Related violations: <none>

TIMING-17#104 Critical Warning
Non-clocked sequential cell  
The clock pin Reg/RAM_reg_reg_r2_0_31_18_23/RAMD_D1/CLK is not reached by a timing clock
Related violations: <none>

TIMING-17#105 Critical Warning
Non-clocked sequential cell  
The clock pin Reg/RAM_reg_reg_r2_0_31_24_29/RAMA/CLK is not reached by a timing clock
Related violations: <none>

TIMING-17#106 Critical Warning
Non-clocked sequential cell  
The clock pin Reg/RAM_reg_reg_r2_0_31_24_29/RAMA_D1/CLK is not reached by a timing clock
Related violations: <none>

TIMING-17#107 Critical Warning
Non-clocked sequential cell  
The clock pin Reg/RAM_reg_reg_r2_0_31_24_29/RAMB/CLK is not reached by a timing clock
Related violations: <none>

TIMING-17#108 Critical Warning
Non-clocked sequential cell  
The clock pin Reg/RAM_reg_reg_r2_0_31_24_29/RAMB_D1/CLK is not reached by a timing clock
Related violations: <none>

TIMING-17#109 Critical Warning
Non-clocked sequential cell  
The clock pin Reg/RAM_reg_reg_r2_0_31_24_29/RAMC/CLK is not reached by a timing clock
Related violations: <none>

TIMING-17#110 Critical Warning
Non-clocked sequential cell  
The clock pin Reg/RAM_reg_reg_r2_0_31_24_29/RAMC_D1/CLK is not reached by a timing clock
Related violations: <none>

TIMING-17#111 Critical Warning
Non-clocked sequential cell  
The clock pin Reg/RAM_reg_reg_r2_0_31_24_29/RAMD/CLK is not reached by a timing clock
Related violations: <none>

TIMING-17#112 Critical Warning
Non-clocked sequential cell  
The clock pin Reg/RAM_reg_reg_r2_0_31_24_29/RAMD_D1/CLK is not reached by a timing clock
Related violations: <none>

TIMING-17#113 Critical Warning
Non-clocked sequential cell  
The clock pin Reg/RAM_reg_reg_r2_0_31_30_31/RAMA/CLK is not reached by a timing clock
Related violations: <none>

TIMING-17#114 Critical Warning
Non-clocked sequential cell  
The clock pin Reg/RAM_reg_reg_r2_0_31_30_31/RAMA_D1/CLK is not reached by a timing clock
Related violations: <none>

TIMING-17#115 Critical Warning
Non-clocked sequential cell  
The clock pin Reg/RAM_reg_reg_r2_0_31_30_31/RAMB/CLK is not reached by a timing clock
Related violations: <none>

TIMING-17#116 Critical Warning
Non-clocked sequential cell  
The clock pin Reg/RAM_reg_reg_r2_0_31_30_31/RAMB_D1/CLK is not reached by a timing clock
Related violations: <none>

TIMING-17#117 Critical Warning
Non-clocked sequential cell  
The clock pin Reg/RAM_reg_reg_r2_0_31_30_31/RAMC/CLK is not reached by a timing clock
Related violations: <none>

TIMING-17#118 Critical Warning
Non-clocked sequential cell  
The clock pin Reg/RAM_reg_reg_r2_0_31_30_31/RAMC_D1/CLK is not reached by a timing clock
Related violations: <none>

TIMING-17#119 Critical Warning
Non-clocked sequential cell  
The clock pin Reg/RAM_reg_reg_r2_0_31_30_31/RAMD/CLK is not reached by a timing clock
Related violations: <none>

TIMING-17#120 Critical Warning
Non-clocked sequential cell  
The clock pin Reg/RAM_reg_reg_r2_0_31_30_31/RAMD_D1/CLK is not reached by a timing clock
Related violations: <none>

TIMING-17#121 Critical Warning
Non-clocked sequential cell  
The clock pin Reg/RAM_reg_reg_r2_0_31_6_11/RAMA/CLK is not reached by a timing clock
Related violations: <none>

TIMING-17#122 Critical Warning
Non-clocked sequential cell  
The clock pin Reg/RAM_reg_reg_r2_0_31_6_11/RAMA_D1/CLK is not reached by a timing clock
Related violations: <none>

TIMING-17#123 Critical Warning
Non-clocked sequential cell  
The clock pin Reg/RAM_reg_reg_r2_0_31_6_11/RAMB/CLK is not reached by a timing clock
Related violations: <none>

TIMING-17#124 Critical Warning
Non-clocked sequential cell  
The clock pin Reg/RAM_reg_reg_r2_0_31_6_11/RAMB_D1/CLK is not reached by a timing clock
Related violations: <none>

TIMING-17#125 Critical Warning
Non-clocked sequential cell  
The clock pin Reg/RAM_reg_reg_r2_0_31_6_11/RAMC/CLK is not reached by a timing clock
Related violations: <none>

TIMING-17#126 Critical Warning
Non-clocked sequential cell  
The clock pin Reg/RAM_reg_reg_r2_0_31_6_11/RAMC_D1/CLK is not reached by a timing clock
Related violations: <none>

TIMING-17#127 Critical Warning
Non-clocked sequential cell  
The clock pin Reg/RAM_reg_reg_r2_0_31_6_11/RAMD/CLK is not reached by a timing clock
Related violations: <none>

TIMING-17#128 Critical Warning
Non-clocked sequential cell  
The clock pin Reg/RAM_reg_reg_r2_0_31_6_11/RAMD_D1/CLK is not reached by a timing clock
Related violations: <none>

TIMING-17#129 Critical Warning
Non-clocked sequential cell  
The clock pin dummy_ofAll/upordown_reg/C is not reached by a timing clock
Related violations: <none>

TIMING-17#130 Critical Warning
Non-clocked sequential cell  
The clock pin dummy_ofAll/upordown_reg_rep/C is not reached by a timing clock
Related violations: <none>

TIMING-17#131 Critical Warning
Non-clocked sequential cell  
The clock pin dummy_ofAll/upordown_reg_rep__0/C is not reached by a timing clock
Related violations: <none>

TIMING-17#132 Critical Warning
Non-clocked sequential cell  
The clock pin userinterface_ofAll/S_CLK_interf_reg/C is not reached by a timing clock
Related violations: <none>

TIMING-17#133 Critical Warning
Non-clocked sequential cell  
The clock pin userinterface_ofAll/S_RST_interf_reg/C is not reached by a timing clock
Related violations: <none>

LUTAR-1#1 Warning
LUT drives async reset alert  
LUT cell PC/imm12_reg[11]_i_2, with 2 or more inputs, drives asynchronous preset/clear pin(s) IM/imm12_reg[10]/CLR, IM/imm12_reg[11]/CLR, IM/imm12_reg[0]/PRE,
IM/imm12_reg[1]/PRE, IM/imm12_reg[2]/PRE, IM/imm12_reg[3]/PRE,
IM/imm12_reg[4]/PRE, IM/imm12_reg[7]/PRE. The LUT may glitch and trigger an unexpected reset, even if it is a properly timed path.
Related violations: <none>

TIMING-18#1 Warning
Missing input or output delay  
An input delay is missing on BTN_top[0] relative to clock(s) CLK_top
Related violations: <none>

TIMING-18#2 Warning
Missing input or output delay  
An input delay is missing on BTN_top[1] relative to clock(s) CLK_top
Related violations: <none>

TIMING-18#3 Warning
Missing input or output delay  
An input delay is missing on BTN_top[2] relative to clock(s) CLK_top
Related violations: <none>

TIMING-18#4 Warning
Missing input or output delay  
An input delay is missing on BTN_top[3] relative to clock(s) CLK_top
Related violations: <none>

TIMING-18#5 Warning
Missing input or output delay  
An input delay is missing on BTN_top[4] relative to clock(s) CLK_top
Related violations: <none>

TIMING-18#6 Warning
Missing input or output delay  
An input delay is missing on SW_top[0] relative to clock(s) CLK_top
Related violations: <none>

TIMING-18#7 Warning
Missing input or output delay  
An input delay is missing on SW_top[10] relative to clock(s) CLK_top
Related violations: <none>

TIMING-18#8 Warning
Missing input or output delay  
An input delay is missing on SW_top[11] relative to clock(s) CLK_top
Related violations: <none>

TIMING-18#9 Warning
Missing input or output delay  
An input delay is missing on SW_top[12] relative to clock(s) CLK_top
Related violations: <none>

TIMING-18#10 Warning
Missing input or output delay  
An input delay is missing on SW_top[13] relative to clock(s) CLK_top
Related violations: <none>

TIMING-18#11 Warning
Missing input or output delay  
An input delay is missing on SW_top[14] relative to clock(s) CLK_top
Related violations: <none>

TIMING-18#12 Warning
Missing input or output delay  
An input delay is missing on SW_top[15] relative to clock(s) CLK_top
Related violations: <none>

TIMING-18#13 Warning
Missing input or output delay  
An input delay is missing on SW_top[1] relative to clock(s) CLK_top
Related violations: <none>

TIMING-18#14 Warning
Missing input or output delay  
An input delay is missing on SW_top[2] relative to clock(s) CLK_top
Related violations: <none>

TIMING-18#15 Warning
Missing input or output delay  
An input delay is missing on SW_top[3] relative to clock(s) CLK_top
Related violations: <none>

TIMING-18#16 Warning
Missing input or output delay  
An input delay is missing on SW_top[4] relative to clock(s) CLK_top
Related violations: <none>

TIMING-18#17 Warning
Missing input or output delay  
An input delay is missing on SW_top[5] relative to clock(s) CLK_top
Related violations: <none>

TIMING-18#18 Warning
Missing input or output delay  
An input delay is missing on SW_top[6] relative to clock(s) CLK_top
Related violations: <none>

TIMING-18#19 Warning
Missing input or output delay  
An input delay is missing on SW_top[7] relative to clock(s) CLK_top
Related violations: <none>

TIMING-18#20 Warning
Missing input or output delay  
An input delay is missing on SW_top[8] relative to clock(s) CLK_top
Related violations: <none>

TIMING-18#21 Warning
Missing input or output delay  
An input delay is missing on SW_top[9] relative to clock(s) CLK_top
Related violations: <none>

TIMING-18#22 Warning
Missing input or output delay  
An output delay is missing on LED_top[0] relative to clock(s) CLK_top
Related violations: <none>

TIMING-18#23 Warning
Missing input or output delay  
An output delay is missing on LED_top[10] relative to clock(s) CLK_top
Related violations: <none>

TIMING-18#24 Warning
Missing input or output delay  
An output delay is missing on LED_top[11] relative to clock(s) CLK_top
Related violations: <none>

TIMING-18#25 Warning
Missing input or output delay  
An output delay is missing on LED_top[12] relative to clock(s) CLK_top
Related violations: <none>

TIMING-18#26 Warning
Missing input or output delay  
An output delay is missing on LED_top[13] relative to clock(s) CLK_top
Related violations: <none>

TIMING-18#27 Warning
Missing input or output delay  
An output delay is missing on LED_top[14] relative to clock(s) CLK_top
Related violations: <none>

TIMING-18#28 Warning
Missing input or output delay  
An output delay is missing on LED_top[15] relative to clock(s) CLK_top
Related violations: <none>

TIMING-18#29 Warning
Missing input or output delay  
An output delay is missing on LED_top[1] relative to clock(s) CLK_top
Related violations: <none>

TIMING-18#30 Warning
Missing input or output delay  
An output delay is missing on LED_top[2] relative to clock(s) CLK_top
Related violations: <none>

TIMING-18#31 Warning
Missing input or output delay  
An output delay is missing on LED_top[3] relative to clock(s) CLK_top
Related violations: <none>

TIMING-18#32 Warning
Missing input or output delay  
An output delay is missing on LED_top[4] relative to clock(s) CLK_top
Related violations: <none>

TIMING-18#33 Warning
Missing input or output delay  
An output delay is missing on LED_top[5] relative to clock(s) CLK_top
Related violations: <none>

TIMING-18#34 Warning
Missing input or output delay  
An output delay is missing on LED_top[6] relative to clock(s) CLK_top
Related violations: <none>

TIMING-18#35 Warning
Missing input or output delay  
An output delay is missing on LED_top[7] relative to clock(s) CLK_top
Related violations: <none>

TIMING-18#36 Warning
Missing input or output delay  
An output delay is missing on LED_top[8] relative to clock(s) CLK_top
Related violations: <none>

TIMING-18#37 Warning
Missing input or output delay  
An output delay is missing on LED_top[9] relative to clock(s) CLK_top
Related violations: <none>

TIMING-18#38 Warning
Missing input or output delay  
An output delay is missing on SEGMENT4_top[0] relative to clock(s) CLK_top
Related violations: <none>

TIMING-18#39 Warning
Missing input or output delay  
An output delay is missing on SEGMENT4_top[1] relative to clock(s) CLK_top
Related violations: <none>

TIMING-18#40 Warning
Missing input or output delay  
An output delay is missing on SEGMENT4_top[2] relative to clock(s) CLK_top
Related violations: <none>

TIMING-18#41 Warning
Missing input or output delay  
An output delay is missing on SEGMENT4_top[3] relative to clock(s) CLK_top
Related violations: <none>

TIMING-18#42 Warning
Missing input or output delay  
An output delay is missing on SEGMENT7_top[0] relative to clock(s) CLK_top
Related violations: <none>

TIMING-18#43 Warning
Missing input or output delay  
An output delay is missing on SEGMENT7_top[1] relative to clock(s) CLK_top
Related violations: <none>

TIMING-18#44 Warning
Missing input or output delay  
An output delay is missing on SEGMENT7_top[2] relative to clock(s) CLK_top
Related violations: <none>

TIMING-18#45 Warning
Missing input or output delay  
An output delay is missing on SEGMENT7_top[3] relative to clock(s) CLK_top
Related violations: <none>

TIMING-18#46 Warning
Missing input or output delay  
An output delay is missing on SEGMENT7_top[4] relative to clock(s) CLK_top
Related violations: <none>

TIMING-18#47 Warning
Missing input or output delay  
An output delay is missing on SEGMENT7_top[5] relative to clock(s) CLK_top
Related violations: <none>

TIMING-18#48 Warning
Missing input or output delay  
An output delay is missing on SEGMENT7_top[6] relative to clock(s) CLK_top
Related violations: <none>

TIMING-18#49 Warning
Missing input or output delay  
An output delay is missing on SEGMENT7_top[7] relative to clock(s) CLK_top
Related violations: <none>

TIMING-20#1 Warning
Non-clocked latch  
The latch ALU/alu_data_out_reg[0] cannot be properly analyzed as its control pin ALU/alu_data_out_reg[0]/G is not reached by a timing clock
Related violations: <none>

TIMING-20#2 Warning
Non-clocked latch  
The latch ALU/alu_data_out_reg[10] cannot be properly analyzed as its control pin ALU/alu_data_out_reg[10]/G is not reached by a timing clock
Related violations: <none>

TIMING-20#3 Warning
Non-clocked latch  
The latch ALU/alu_data_out_reg[11] cannot be properly analyzed as its control pin ALU/alu_data_out_reg[11]/G is not reached by a timing clock
Related violations: <none>

TIMING-20#4 Warning
Non-clocked latch  
The latch ALU/alu_data_out_reg[12] cannot be properly analyzed as its control pin ALU/alu_data_out_reg[12]/G is not reached by a timing clock
Related violations: <none>

TIMING-20#5 Warning
Non-clocked latch  
The latch ALU/alu_data_out_reg[13] cannot be properly analyzed as its control pin ALU/alu_data_out_reg[13]/G is not reached by a timing clock
Related violations: <none>

TIMING-20#6 Warning
Non-clocked latch  
The latch ALU/alu_data_out_reg[14] cannot be properly analyzed as its control pin ALU/alu_data_out_reg[14]/G is not reached by a timing clock
Related violations: <none>

TIMING-20#7 Warning
Non-clocked latch  
The latch ALU/alu_data_out_reg[15] cannot be properly analyzed as its control pin ALU/alu_data_out_reg[15]/G is not reached by a timing clock
Related violations: <none>

TIMING-20#8 Warning
Non-clocked latch  
The latch ALU/alu_data_out_reg[16] cannot be properly analyzed as its control pin ALU/alu_data_out_reg[16]/G is not reached by a timing clock
Related violations: <none>

TIMING-20#9 Warning
Non-clocked latch  
The latch ALU/alu_data_out_reg[17] cannot be properly analyzed as its control pin ALU/alu_data_out_reg[17]/G is not reached by a timing clock
Related violations: <none>

TIMING-20#10 Warning
Non-clocked latch  
The latch ALU/alu_data_out_reg[18] cannot be properly analyzed as its control pin ALU/alu_data_out_reg[18]/G is not reached by a timing clock
Related violations: <none>

TIMING-20#11 Warning
Non-clocked latch  
The latch ALU/alu_data_out_reg[19] cannot be properly analyzed as its control pin ALU/alu_data_out_reg[19]/G is not reached by a timing clock
Related violations: <none>

TIMING-20#12 Warning
Non-clocked latch  
The latch ALU/alu_data_out_reg[1] cannot be properly analyzed as its control pin ALU/alu_data_out_reg[1]/G is not reached by a timing clock
Related violations: <none>

TIMING-20#13 Warning
Non-clocked latch  
The latch ALU/alu_data_out_reg[20] cannot be properly analyzed as its control pin ALU/alu_data_out_reg[20]/G is not reached by a timing clock
Related violations: <none>

TIMING-20#14 Warning
Non-clocked latch  
The latch ALU/alu_data_out_reg[21] cannot be properly analyzed as its control pin ALU/alu_data_out_reg[21]/G is not reached by a timing clock
Related violations: <none>

TIMING-20#15 Warning
Non-clocked latch  
The latch ALU/alu_data_out_reg[22] cannot be properly analyzed as its control pin ALU/alu_data_out_reg[22]/G is not reached by a timing clock
Related violations: <none>

TIMING-20#16 Warning
Non-clocked latch  
The latch ALU/alu_data_out_reg[23] cannot be properly analyzed as its control pin ALU/alu_data_out_reg[23]/G is not reached by a timing clock
Related violations: <none>

TIMING-20#17 Warning
Non-clocked latch  
The latch ALU/alu_data_out_reg[24] cannot be properly analyzed as its control pin ALU/alu_data_out_reg[24]/G is not reached by a timing clock
Related violations: <none>

TIMING-20#18 Warning
Non-clocked latch  
The latch ALU/alu_data_out_reg[25] cannot be properly analyzed as its control pin ALU/alu_data_out_reg[25]/G is not reached by a timing clock
Related violations: <none>

TIMING-20#19 Warning
Non-clocked latch  
The latch ALU/alu_data_out_reg[26] cannot be properly analyzed as its control pin ALU/alu_data_out_reg[26]/G is not reached by a timing clock
Related violations: <none>

TIMING-20#20 Warning
Non-clocked latch  
The latch ALU/alu_data_out_reg[27] cannot be properly analyzed as its control pin ALU/alu_data_out_reg[27]/G is not reached by a timing clock
Related violations: <none>

TIMING-20#21 Warning
Non-clocked latch  
The latch ALU/alu_data_out_reg[28] cannot be properly analyzed as its control pin ALU/alu_data_out_reg[28]/G is not reached by a timing clock
Related violations: <none>

TIMING-20#22 Warning
Non-clocked latch  
The latch ALU/alu_data_out_reg[29] cannot be properly analyzed as its control pin ALU/alu_data_out_reg[29]/G is not reached by a timing clock
Related violations: <none>

TIMING-20#23 Warning
Non-clocked latch  
The latch ALU/alu_data_out_reg[2] cannot be properly analyzed as its control pin ALU/alu_data_out_reg[2]/G is not reached by a timing clock
Related violations: <none>

TIMING-20#24 Warning
Non-clocked latch  
The latch ALU/alu_data_out_reg[30] cannot be properly analyzed as its control pin ALU/alu_data_out_reg[30]/G is not reached by a timing clock
Related violations: <none>

TIMING-20#25 Warning
Non-clocked latch  
The latch ALU/alu_data_out_reg[31] cannot be properly analyzed as its control pin ALU/alu_data_out_reg[31]/G is not reached by a timing clock
Related violations: <none>

TIMING-20#26 Warning
Non-clocked latch  
The latch ALU/alu_data_out_reg[3] cannot be properly analyzed as its control pin ALU/alu_data_out_reg[3]/G is not reached by a timing clock
Related violations: <none>

TIMING-20#27 Warning
Non-clocked latch  
The latch ALU/alu_data_out_reg[4] cannot be properly analyzed as its control pin ALU/alu_data_out_reg[4]/G is not reached by a timing clock
Related violations: <none>

TIMING-20#28 Warning
Non-clocked latch  
The latch ALU/alu_data_out_reg[5] cannot be properly analyzed as its control pin ALU/alu_data_out_reg[5]/G is not reached by a timing clock
Related violations: <none>

TIMING-20#29 Warning
Non-clocked latch  
The latch ALU/alu_data_out_reg[6] cannot be properly analyzed as its control pin ALU/alu_data_out_reg[6]/G is not reached by a timing clock
Related violations: <none>

TIMING-20#30 Warning
Non-clocked latch  
The latch ALU/alu_data_out_reg[7] cannot be properly analyzed as its control pin ALU/alu_data_out_reg[7]/G is not reached by a timing clock
Related violations: <none>

TIMING-20#31 Warning
Non-clocked latch  
The latch ALU/alu_data_out_reg[8] cannot be properly analyzed as its control pin ALU/alu_data_out_reg[8]/G is not reached by a timing clock
Related violations: <none>

TIMING-20#32 Warning
Non-clocked latch  
The latch ALU/alu_data_out_reg[9] cannot be properly analyzed as its control pin ALU/alu_data_out_reg[9]/G is not reached by a timing clock
Related violations: <none>

TIMING-20#33 Warning
Non-clocked latch  
The latch ALU/alu_flag_reg[0] cannot be properly analyzed as its control pin ALU/alu_flag_reg[0]/G is not reached by a timing clock
Related violations: <none>

TIMING-20#34 Warning
Non-clocked latch  
The latch IM/f7_reg[6] cannot be properly analyzed as its control pin IM/f7_reg[6]/G is not reached by a timing clock
Related violations: <none>

TIMING-20#35 Warning
Non-clocked latch  
The latch IM/imm12_reg[0] cannot be properly analyzed as its control pin IM/imm12_reg[0]/G is not reached by a timing clock
Related violations: <none>

TIMING-20#36 Warning
Non-clocked latch  
The latch IM/imm12_reg[10] cannot be properly analyzed as its control pin IM/imm12_reg[10]/G is not reached by a timing clock
Related violations: <none>

TIMING-20#37 Warning
Non-clocked latch  
The latch IM/imm12_reg[11] cannot be properly analyzed as its control pin IM/imm12_reg[11]/G is not reached by a timing clock
Related violations: <none>

TIMING-20#38 Warning
Non-clocked latch  
The latch IM/imm12_reg[1] cannot be properly analyzed as its control pin IM/imm12_reg[1]/G is not reached by a timing clock
Related violations: <none>

TIMING-20#39 Warning
Non-clocked latch  
The latch IM/imm12_reg[2] cannot be properly analyzed as its control pin IM/imm12_reg[2]/G is not reached by a timing clock
Related violations: <none>

TIMING-20#40 Warning
Non-clocked latch  
The latch IM/imm12_reg[3] cannot be properly analyzed as its control pin IM/imm12_reg[3]/G is not reached by a timing clock
Related violations: <none>

TIMING-20#41 Warning
Non-clocked latch  
The latch IM/imm12_reg[4] cannot be properly analyzed as its control pin IM/imm12_reg[4]/G is not reached by a timing clock
Related violations: <none>

TIMING-20#42 Warning
Non-clocked latch  
The latch IM/imm12_reg[7] cannot be properly analyzed as its control pin IM/imm12_reg[7]/G is not reached by a timing clock
Related violations: <none>

TIMING-20#43 Warning
Non-clocked latch  
The latch IM/imm20_reg[11] cannot be properly analyzed as its control pin IM/imm20_reg[11]/G is not reached by a timing clock
Related violations: <none>

TIMING-20#44 Warning
Non-clocked latch  
The latch IM/rd_reg[0] cannot be properly analyzed as its control pin IM/rd_reg[0]/G is not reached by a timing clock
Related violations: <none>

TIMING-20#45 Warning
Non-clocked latch  
The latch IM/rd_reg[1] cannot be properly analyzed as its control pin IM/rd_reg[1]/G is not reached by a timing clock
Related violations: <none>

TIMING-20#46 Warning
Non-clocked latch  
The latch IM/rd_reg[2] cannot be properly analyzed as its control pin IM/rd_reg[2]/G is not reached by a timing clock
Related violations: <none>

TIMING-20#47 Warning
Non-clocked latch  
The latch IM/rd_reg[3] cannot be properly analyzed as its control pin IM/rd_reg[3]/G is not reached by a timing clock
Related violations: <none>

TIMING-20#48 Warning
Non-clocked latch  
The latch IM/rs1_reg[0] cannot be properly analyzed as its control pin IM/rs1_reg[0]/G is not reached by a timing clock
Related violations: <none>

TIMING-20#49 Warning
Non-clocked latch  
The latch IM/rs1_reg[1] cannot be properly analyzed as its control pin IM/rs1_reg[1]/G is not reached by a timing clock
Related violations: <none>

TIMING-20#50 Warning
Non-clocked latch  
The latch IM/rs1_reg[2] cannot be properly analyzed as its control pin IM/rs1_reg[2]/G is not reached by a timing clock
Related violations: <none>

TIMING-20#51 Warning
Non-clocked latch  
The latch IM/rs1_reg[3] cannot be properly analyzed as its control pin IM/rs1_reg[3]/G is not reached by a timing clock
Related violations: <none>

TIMING-20#52 Warning
Non-clocked latch  
The latch immGen/IMM_out_reg[0] cannot be properly analyzed as its control pin immGen/IMM_out_reg[0]/G is not reached by a timing clock
Related violations: <none>

TIMING-20#53 Warning
Non-clocked latch  
The latch immGen/IMM_out_reg[10] cannot be properly analyzed as its control pin immGen/IMM_out_reg[10]/G is not reached by a timing clock
Related violations: <none>

TIMING-20#54 Warning
Non-clocked latch  
The latch immGen/IMM_out_reg[11] cannot be properly analyzed as its control pin immGen/IMM_out_reg[11]/G is not reached by a timing clock
Related violations: <none>

TIMING-20#55 Warning
Non-clocked latch  
The latch immGen/IMM_out_reg[17] cannot be properly analyzed as its control pin immGen/IMM_out_reg[17]/G is not reached by a timing clock
Related violations: <none>

TIMING-20#56 Warning
Non-clocked latch  
The latch immGen/IMM_out_reg[1] cannot be properly analyzed as its control pin immGen/IMM_out_reg[1]/G is not reached by a timing clock
Related violations: <none>

TIMING-20#57 Warning
Non-clocked latch  
The latch immGen/IMM_out_reg[2] cannot be properly analyzed as its control pin immGen/IMM_out_reg[2]/G is not reached by a timing clock
Related violations: <none>

TIMING-20#58 Warning
Non-clocked latch  
The latch immGen/IMM_out_reg[31] cannot be properly analyzed as its control pin immGen/IMM_out_reg[31]/G is not reached by a timing clock
Related violations: <none>

TIMING-20#59 Warning
Non-clocked latch  
The latch immGen/IMM_out_reg[3] cannot be properly analyzed as its control pin immGen/IMM_out_reg[3]/G is not reached by a timing clock
Related violations: <none>

TIMING-20#60 Warning
Non-clocked latch  
The latch immGen/IMM_out_reg[4] cannot be properly analyzed as its control pin immGen/IMM_out_reg[4]/G is not reached by a timing clock
Related violations: <none>

TIMING-20#61 Warning
Non-clocked latch  
The latch immGen/IMM_out_reg[5] cannot be properly analyzed as its control pin immGen/IMM_out_reg[5]/G is not reached by a timing clock
Related violations: <none>

TIMING-20#62 Warning
Non-clocked latch  
The latch immGen/IMM_out_reg[7] cannot be properly analyzed as its control pin immGen/IMM_out_reg[7]/G is not reached by a timing clock
Related violations: <none>

TIMING-20#63 Warning
Non-clocked latch  
The latch immGen/IMM_out_reg[8] cannot be properly analyzed as its control pin immGen/IMM_out_reg[8]/G is not reached by a timing clock
Related violations: <none>

TIMING-20#64 Warning
Non-clocked latch  
The latch immGen/IMM_out_reg[9] cannot be properly analyzed as its control pin immGen/IMM_out_reg[9]/G is not reached by a timing clock
Related violations: <none>


