
*** Running vivado
    with args -log t02_Word_top.vds -m64 -product Vivado -mode batch -messageDb vivado.pb -notrace -source t02_Word_top.tcl



****** Vivado v2020.1 (64-bit)
  **** SW Build 2902540 on Wed May 27 19:54:49 MDT 2020
  **** IP Build 2902112 on Wed May 27 22:43:36 MDT 2020
    ** Copyright 1986-2020 Xilinx, Inc. All Rights Reserved.

source t02_Word_top.tcl -notrace
Command: synth_design -top t02_Word_top -part xc7a35tcpg236-1
Starting synth_design
Attempting to get a license for feature 'Synthesis' and/or device 'xc7a35t'
INFO: [Common 17-349] Got license for feature 'Synthesis' and/or device 'xc7a35t'
INFO: [Device 21-403] Loading part xc7a35tcpg236-1
INFO: [Synth 8-7079] Multithreading enabled for synth_design using a maximum of 2 processes.
INFO: [Synth 8-7078] Launching helper process for spawning children vivado processes
INFO: [Synth 8-7075] Helper process launched with PID 23716
---------------------------------------------------------------------------------
Starting RTL Elaboration : Time (s): cpu = 00:00:01 ; elapsed = 00:00:03 . Memory (MB): peak = 1097.070 ; gain = 0.000
---------------------------------------------------------------------------------
INFO: [Synth 8-638] synthesizing module 't02_Word_top' [C:/Users/arify/WorkSpace/VHDL_processor/t03_word_RiscV_processor_pipline/t03_word_RiscV_processor_pipline.srcs/sources_1/imports/sources_1/imports/sources_1/new/t02_Word_top.vhd:48]
INFO: [Synth 8-3491] module 't02_Word_PC' declared at 'C:/Users/arify/WorkSpace/VHDL_processor/t03_word_RiscV_processor_pipline/t03_word_RiscV_processor_pipline.srcs/sources_1/imports/sources_1/imports/sources_1/imports/new/t02_Word_PC.vhd:35' bound to instance 'PC' of component 't02_Word_PC' [C:/Users/arify/WorkSpace/VHDL_processor/t03_word_RiscV_processor_pipline/t03_word_RiscV_processor_pipline.srcs/sources_1/imports/sources_1/imports/sources_1/new/t02_Word_top.vhd:240]
INFO: [Synth 8-638] synthesizing module 't02_Word_PC' [C:/Users/arify/WorkSpace/VHDL_processor/t03_word_RiscV_processor_pipline/t03_word_RiscV_processor_pipline.srcs/sources_1/imports/sources_1/imports/sources_1/imports/new/t02_Word_PC.vhd:45]
INFO: [Synth 8-256] done synthesizing module 't02_Word_PC' (1#1) [C:/Users/arify/WorkSpace/VHDL_processor/t03_word_RiscV_processor_pipline/t03_word_RiscV_processor_pipline.srcs/sources_1/imports/sources_1/imports/sources_1/imports/new/t02_Word_PC.vhd:45]
INFO: [Synth 8-3491] module 't02_Word_ALUadress' declared at 'C:/Users/arify/WorkSpace/VHDL_processor/t03_word_RiscV_processor_pipline/t03_word_RiscV_processor_pipline.srcs/sources_1/new/t02_Word_ALUadress.vhd:34' bound to instance 'ALU_adress' of component 't02_Word_ALUadress' [C:/Users/arify/WorkSpace/VHDL_processor/t03_word_RiscV_processor_pipline/t03_word_RiscV_processor_pipline.srcs/sources_1/imports/sources_1/imports/sources_1/new/t02_Word_top.vhd:248]
INFO: [Synth 8-638] synthesizing module 't02_Word_ALUadress' [C:/Users/arify/WorkSpace/VHDL_processor/t03_word_RiscV_processor_pipline/t03_word_RiscV_processor_pipline.srcs/sources_1/new/t02_Word_ALUadress.vhd:47]
WARNING: [Synth 8-614] signal 'add_pc' is read in the process but is not in the sensitivity list [C:/Users/arify/WorkSpace/VHDL_processor/t03_word_RiscV_processor_pipline/t03_word_RiscV_processor_pipline.srcs/sources_1/new/t02_Word_ALUadress.vhd:53]
INFO: [Synth 8-256] done synthesizing module 't02_Word_ALUadress' (2#1) [C:/Users/arify/WorkSpace/VHDL_processor/t03_word_RiscV_processor_pipline/t03_word_RiscV_processor_pipline.srcs/sources_1/new/t02_Word_ALUadress.vhd:47]
	Parameter im_rom_depth bound to: 20 - type: integer 
	Parameter im_rom_width_inbit bound to: 32 - type: integer 
INFO: [Synth 8-3491] module 't02_Word_IM' declared at 'C:/Users/arify/WorkSpace/VHDL_processor/t03_word_RiscV_processor_pipline/t03_word_RiscV_processor_pipline.srcs/sources_1/imports/sources_1/imports/sources_1/imports/new/t02_Word_IM.vhd:36' bound to instance 'IM' of component 't02_Word_IM' [C:/Users/arify/WorkSpace/VHDL_processor/t03_word_RiscV_processor_pipline/t03_word_RiscV_processor_pipline.srcs/sources_1/imports/sources_1/imports/sources_1/new/t02_Word_top.vhd:258]
INFO: [Synth 8-638] synthesizing module 't02_Word_IM' [C:/Users/arify/WorkSpace/VHDL_processor/t03_word_RiscV_processor_pipline/t03_word_RiscV_processor_pipline.srcs/sources_1/imports/sources_1/imports/sources_1/imports/new/t02_Word_IM.vhd:75]
	Parameter im_rom_depth bound to: 20 - type: integer 
	Parameter im_rom_width_inbit bound to: 32 - type: integer 
WARNING: [Synth 8-614] signal 'RST' is read in the process but is not in the sensitivity list [C:/Users/arify/WorkSpace/VHDL_processor/t03_word_RiscV_processor_pipline/t03_word_RiscV_processor_pipline.srcs/sources_1/imports/sources_1/imports/sources_1/imports/new/t02_Word_IM.vhd:464]
INFO: [Synth 8-256] done synthesizing module 't02_Word_IM' (3#1) [C:/Users/arify/WorkSpace/VHDL_processor/t03_word_RiscV_processor_pipline/t03_word_RiscV_processor_pipline.srcs/sources_1/imports/sources_1/imports/sources_1/imports/new/t02_Word_IM.vhd:75]
	Parameter ram_length bound to: 32 - type: integer 
	Parameter ram_depth bound to: 32 - type: integer 
INFO: [Synth 8-3491] module 't02_Word_Reg' declared at 'C:/Users/arify/WorkSpace/VHDL_processor/t03_word_RiscV_processor_pipline/t03_word_RiscV_processor_pipline.srcs/sources_1/imports/sources_1/imports/sources_1/imports/new/t02_Word_Reg.vhd:35' bound to instance 'Reg' of component 't02_Word_Reg' [C:/Users/arify/WorkSpace/VHDL_processor/t03_word_RiscV_processor_pipline/t03_word_RiscV_processor_pipline.srcs/sources_1/imports/sources_1/imports/sources_1/new/t02_Word_top.vhd:272]
INFO: [Synth 8-638] synthesizing module 't02_Word_Reg' [C:/Users/arify/WorkSpace/VHDL_processor/t03_word_RiscV_processor_pipline/t03_word_RiscV_processor_pipline.srcs/sources_1/imports/sources_1/imports/sources_1/imports/new/t02_Word_Reg.vhd:56]
	Parameter ram_length bound to: 32 - type: integer 
	Parameter ram_depth bound to: 32 - type: integer 
WARNING: [Synth 8-614] signal 'opcode' is read in the process but is not in the sensitivity list [C:/Users/arify/WorkSpace/VHDL_processor/t03_word_RiscV_processor_pipline/t03_word_RiscV_processor_pipline.srcs/sources_1/imports/sources_1/imports/sources_1/imports/new/t02_Word_Reg.vhd:107]
WARNING: [Synth 8-614] signal 'current_pc' is read in the process but is not in the sensitivity list [C:/Users/arify/WorkSpace/VHDL_processor/t03_word_RiscV_processor_pipline/t03_word_RiscV_processor_pipline.srcs/sources_1/imports/sources_1/imports/sources_1/imports/new/t02_Word_Reg.vhd:107]
INFO: [Synth 8-256] done synthesizing module 't02_Word_Reg' (4#1) [C:/Users/arify/WorkSpace/VHDL_processor/t03_word_RiscV_processor_pipline/t03_word_RiscV_processor_pipline.srcs/sources_1/imports/sources_1/imports/sources_1/imports/new/t02_Word_Reg.vhd:56]
INFO: [Synth 8-3491] module 't02_Word_immGen' declared at 'C:/Users/arify/WorkSpace/VHDL_processor/t03_word_RiscV_processor_pipline/t03_word_RiscV_processor_pipline.srcs/sources_1/imports/sources_1/imports/sources_1/imports/new/t02_Word_immGen.vhd:34' bound to instance 'immGen' of component 't02_Word_immGen' [C:/Users/arify/WorkSpace/VHDL_processor/t03_word_RiscV_processor_pipline/t03_word_RiscV_processor_pipline.srcs/sources_1/imports/sources_1/imports/sources_1/new/t02_Word_top.vhd:287]
INFO: [Synth 8-638] synthesizing module 't02_Word_immGen' [C:/Users/arify/WorkSpace/VHDL_processor/t03_word_RiscV_processor_pipline/t03_word_RiscV_processor_pipline.srcs/sources_1/imports/sources_1/imports/sources_1/imports/new/t02_Word_immGen.vhd:43]
INFO: [Synth 8-256] done synthesizing module 't02_Word_immGen' (5#1) [C:/Users/arify/WorkSpace/VHDL_processor/t03_word_RiscV_processor_pipline/t03_word_RiscV_processor_pipline.srcs/sources_1/imports/sources_1/imports/sources_1/imports/new/t02_Word_immGen.vhd:43]
	Parameter opcodemax_inbit bound to: 2 - type: integer 
INFO: [Synth 8-3491] module 't02_Word_ALU' declared at 'C:/Users/arify/WorkSpace/VHDL_processor/t03_word_RiscV_processor_pipline/t03_word_RiscV_processor_pipline.srcs/sources_1/imports/sources_1/imports/sources_1/new/t02_Word_ALU.vhd:36' bound to instance 'ALU' of component 't02_Word_ALU' [C:/Users/arify/WorkSpace/VHDL_processor/t03_word_RiscV_processor_pipline/t03_word_RiscV_processor_pipline.srcs/sources_1/imports/sources_1/imports/sources_1/new/t02_Word_top.vhd:295]
INFO: [Synth 8-638] synthesizing module 't02_Word_ALU' [C:/Users/arify/WorkSpace/VHDL_processor/t03_word_RiscV_processor_pipline/t03_word_RiscV_processor_pipline.srcs/sources_1/imports/sources_1/imports/sources_1/new/t02_Word_ALU.vhd:54]
	Parameter opcodemax_inbit bound to: 2 - type: integer 
WARNING: [Synth 8-613] shared variable will be implemented as local to architecture [C:/Users/arify/WorkSpace/VHDL_processor/t03_word_RiscV_processor_pipline/t03_word_RiscV_processor_pipline.srcs/sources_1/imports/sources_1/imports/sources_1/new/t02_Word_ALU.vhd:57]
INFO: [Synth 8-226] default block is never used [C:/Users/arify/WorkSpace/VHDL_processor/t03_word_RiscV_processor_pipline/t03_word_RiscV_processor_pipline.srcs/sources_1/imports/sources_1/imports/sources_1/new/t02_Word_ALU.vhd:64]
INFO: [Synth 8-226] default block is never used [C:/Users/arify/WorkSpace/VHDL_processor/t03_word_RiscV_processor_pipline/t03_word_RiscV_processor_pipline.srcs/sources_1/imports/sources_1/imports/sources_1/new/t02_Word_ALU.vhd:105]
INFO: [Synth 8-256] done synthesizing module 't02_Word_ALU' (6#1) [C:/Users/arify/WorkSpace/VHDL_processor/t03_word_RiscV_processor_pipline/t03_word_RiscV_processor_pipline.srcs/sources_1/imports/sources_1/imports/sources_1/new/t02_Word_ALU.vhd:54]
	Parameter dm_length bound to: 65536 - type: integer 
	Parameter dm_depth bound to: 32 - type: integer 
INFO: [Synth 8-3491] module 't02_Word_DM' declared at 'C:/Users/arify/WorkSpace/VHDL_processor/t03_word_RiscV_processor_pipline/t03_word_RiscV_processor_pipline.srcs/sources_1/imports/sources_1/imports/sources_1/imports/new/t02_Word_DM.vhd:34' bound to instance 'DM' of component 't02_Word_DM' [C:/Users/arify/WorkSpace/VHDL_processor/t03_word_RiscV_processor_pipline/t03_word_RiscV_processor_pipline.srcs/sources_1/imports/sources_1/imports/sources_1/new/t02_Word_top.vhd:307]
INFO: [Synth 8-638] synthesizing module 't02_Word_DM' [C:/Users/arify/WorkSpace/VHDL_processor/t03_word_RiscV_processor_pipline/t03_word_RiscV_processor_pipline.srcs/sources_1/imports/sources_1/imports/sources_1/imports/new/t02_Word_DM.vhd:51]
	Parameter dm_length bound to: 65536 - type: integer 
	Parameter dm_depth bound to: 32 - type: integer 
WARNING: [Synth 8-613] shared variable will be implemented as local to architecture [C:/Users/arify/WorkSpace/VHDL_processor/t03_word_RiscV_processor_pipline/t03_word_RiscV_processor_pipline.srcs/sources_1/imports/sources_1/imports/sources_1/imports/new/t02_Word_DM.vhd:53]
WARNING: [Synth 8-613] shared variable will be implemented as local to architecture [C:/Users/arify/WorkSpace/VHDL_processor/t03_word_RiscV_processor_pipline/t03_word_RiscV_processor_pipline.srcs/sources_1/imports/sources_1/imports/sources_1/imports/new/t02_Word_DM.vhd:54]
WARNING: [Synth 8-613] shared variable will be implemented as local to architecture [C:/Users/arify/WorkSpace/VHDL_processor/t03_word_RiscV_processor_pipline/t03_word_RiscV_processor_pipline.srcs/sources_1/imports/sources_1/imports/sources_1/imports/new/t02_Word_DM.vhd:59]
INFO: [Synth 8-226] default block is never used [C:/Users/arify/WorkSpace/VHDL_processor/t03_word_RiscV_processor_pipline/t03_word_RiscV_processor_pipline.srcs/sources_1/imports/sources_1/imports/sources_1/imports/new/t02_Word_DM.vhd:103]
INFO: [Synth 8-226] default block is never used [C:/Users/arify/WorkSpace/VHDL_processor/t03_word_RiscV_processor_pipline/t03_word_RiscV_processor_pipline.srcs/sources_1/imports/sources_1/imports/sources_1/imports/new/t02_Word_DM.vhd:114]
INFO: [Synth 8-226] default block is never used [C:/Users/arify/WorkSpace/VHDL_processor/t03_word_RiscV_processor_pipline/t03_word_RiscV_processor_pipline.srcs/sources_1/imports/sources_1/imports/sources_1/imports/new/t02_Word_DM.vhd:145]
INFO: [Synth 8-226] default block is never used [C:/Users/arify/WorkSpace/VHDL_processor/t03_word_RiscV_processor_pipline/t03_word_RiscV_processor_pipline.srcs/sources_1/imports/sources_1/imports/sources_1/imports/new/t02_Word_DM.vhd:154]
INFO: [Synth 8-226] default block is never used [C:/Users/arify/WorkSpace/VHDL_processor/t03_word_RiscV_processor_pipline/t03_word_RiscV_processor_pipline.srcs/sources_1/imports/sources_1/imports/sources_1/imports/new/t02_Word_DM.vhd:169]
INFO: [Synth 8-226] default block is never used [C:/Users/arify/WorkSpace/VHDL_processor/t03_word_RiscV_processor_pipline/t03_word_RiscV_processor_pipline.srcs/sources_1/imports/sources_1/imports/sources_1/imports/new/t02_Word_DM.vhd:183]
WARNING: [Synth 8-614] signal 'RST' is read in the process but is not in the sensitivity list [C:/Users/arify/WorkSpace/VHDL_processor/t03_word_RiscV_processor_pipline/t03_word_RiscV_processor_pipline.srcs/sources_1/imports/sources_1/imports/sources_1/imports/new/t02_Word_DM.vhd:86]
INFO: [Synth 8-256] done synthesizing module 't02_Word_DM' (7#1) [C:/Users/arify/WorkSpace/VHDL_processor/t03_word_RiscV_processor_pipline/t03_word_RiscV_processor_pipline.srcs/sources_1/imports/sources_1/imports/sources_1/imports/new/t02_Word_DM.vhd:51]
INFO: [Synth 8-3491] module 't02_Word_cntrl' declared at 'C:/Users/arify/WorkSpace/VHDL_processor/t03_word_RiscV_processor_pipline/t03_word_RiscV_processor_pipline.srcs/sources_1/imports/sources_1/imports/sources_1/imports/new/t02_Word_cntrl.vhd:34' bound to instance 'cntrl' of component 't02_Word_cntrl' [C:/Users/arify/WorkSpace/VHDL_processor/t03_word_RiscV_processor_pipline/t03_word_RiscV_processor_pipline.srcs/sources_1/imports/sources_1/imports/sources_1/new/t02_Word_top.vhd:319]
INFO: [Synth 8-638] synthesizing module 't02_Word_cntrl' [C:/Users/arify/WorkSpace/VHDL_processor/t03_word_RiscV_processor_pipline/t03_word_RiscV_processor_pipline.srcs/sources_1/imports/sources_1/imports/sources_1/imports/new/t02_Word_cntrl.vhd:53]
INFO: [Synth 8-256] done synthesizing module 't02_Word_cntrl' (8#1) [C:/Users/arify/WorkSpace/VHDL_processor/t03_word_RiscV_processor_pipline/t03_word_RiscV_processor_pipline.srcs/sources_1/imports/sources_1/imports/sources_1/imports/new/t02_Word_cntrl.vhd:53]
INFO: [Synth 8-3491] module 't02_Word_mux2' declared at 'C:/Users/arify/WorkSpace/VHDL_processor/t03_word_RiscV_processor_pipline/t03_word_RiscV_processor_pipline.srcs/sources_1/imports/sources_1/imports/sources_1/imports/new/t02_Word_mux2.vhd:34' bound to instance 'mux2_preDM' of component 't02_Word_mux2' [C:/Users/arify/WorkSpace/VHDL_processor/t03_word_RiscV_processor_pipline/t03_word_RiscV_processor_pipline.srcs/sources_1/imports/sources_1/imports/sources_1/new/t02_Word_top.vhd:336]
INFO: [Synth 8-638] synthesizing module 't02_Word_mux2' [C:/Users/arify/WorkSpace/VHDL_processor/t03_word_RiscV_processor_pipline/t03_word_RiscV_processor_pipline.srcs/sources_1/imports/sources_1/imports/sources_1/imports/new/t02_Word_mux2.vhd:43]
INFO: [Synth 8-256] done synthesizing module 't02_Word_mux2' (9#1) [C:/Users/arify/WorkSpace/VHDL_processor/t03_word_RiscV_processor_pipline/t03_word_RiscV_processor_pipline.srcs/sources_1/imports/sources_1/imports/sources_1/imports/new/t02_Word_mux2.vhd:43]
INFO: [Synth 8-3491] module 't02_Word_mux2' declared at 'C:/Users/arify/WorkSpace/VHDL_processor/t03_word_RiscV_processor_pipline/t03_word_RiscV_processor_pipline.srcs/sources_1/imports/sources_1/imports/sources_1/imports/new/t02_Word_mux2.vhd:34' bound to instance 'mux2_afterDM' of component 't02_Word_mux2' [C:/Users/arify/WorkSpace/VHDL_processor/t03_word_RiscV_processor_pipline/t03_word_RiscV_processor_pipline.srcs/sources_1/imports/sources_1/imports/sources_1/new/t02_Word_top.vhd:343]
INFO: [Synth 8-3491] module 't02_Word_mux2' declared at 'C:/Users/arify/WorkSpace/VHDL_processor/t03_word_RiscV_processor_pipline/t03_word_RiscV_processor_pipline.srcs/sources_1/imports/sources_1/imports/sources_1/imports/new/t02_Word_mux2.vhd:34' bound to instance 'mux2_jump' of component 't02_Word_mux2' [C:/Users/arify/WorkSpace/VHDL_processor/t03_word_RiscV_processor_pipline/t03_word_RiscV_processor_pipline.srcs/sources_1/imports/sources_1/imports/sources_1/new/t02_Word_top.vhd:350]
INFO: [Synth 8-256] done synthesizing module 't02_Word_top' (10#1) [C:/Users/arify/WorkSpace/VHDL_processor/t03_word_RiscV_processor_pipline/t03_word_RiscV_processor_pipline.srcs/sources_1/imports/sources_1/imports/sources_1/new/t02_Word_top.vhd:48]
---------------------------------------------------------------------------------
Finished RTL Elaboration : Time (s): cpu = 00:00:01 ; elapsed = 00:00:04 . Memory (MB): peak = 1148.695 ; gain = 51.625
---------------------------------------------------------------------------------
---------------------------------------------------------------------------------
Start Handling Custom Attributes
---------------------------------------------------------------------------------
---------------------------------------------------------------------------------
Finished Handling Custom Attributes : Time (s): cpu = 00:00:01 ; elapsed = 00:00:04 . Memory (MB): peak = 1148.695 ; gain = 51.625
---------------------------------------------------------------------------------
---------------------------------------------------------------------------------
Finished RTL Optimization Phase 1 : Time (s): cpu = 00:00:01 ; elapsed = 00:00:04 . Memory (MB): peak = 1148.695 ; gain = 51.625
---------------------------------------------------------------------------------
Netlist sorting complete. Time (s): cpu = 00:00:00 ; elapsed = 00:00:00.020 . Memory (MB): peak = 1148.695 ; gain = 0.000
INFO: [Project 1-570] Preparing netlist for logic optimization

Processing XDC Constraints
Initializing timing engine
Parsing XDC File [C:/Users/arify/WorkSpace/VHDL_processor/t03_word_RiscV_processor_pipline/t03_word_RiscV_processor_pipline.srcs/constrs_1/imports/WorkSpace/constr.xdc]
WARNING: [Vivado 12-584] No ports matched 'BTN_top[0]'. [C:/Users/arify/WorkSpace/VHDL_processor/t03_word_RiscV_processor_pipline/t03_word_RiscV_processor_pipline.srcs/constrs_1/imports/WorkSpace/constr.xdc:10]
CRITICAL WARNING: [Common 17-55] 'set_property' expects at least one object. [C:/Users/arify/WorkSpace/VHDL_processor/t03_word_RiscV_processor_pipline/t03_word_RiscV_processor_pipline.srcs/constrs_1/imports/WorkSpace/constr.xdc:10]
Resolution: If [get_<value>] was used to populate the object, check to make sure this command returns at least one valid object.
WARNING: [Vivado 12-584] No ports matched 'BTN_top[1]'. [C:/Users/arify/WorkSpace/VHDL_processor/t03_word_RiscV_processor_pipline/t03_word_RiscV_processor_pipline.srcs/constrs_1/imports/WorkSpace/constr.xdc:11]
CRITICAL WARNING: [Common 17-55] 'set_property' expects at least one object. [C:/Users/arify/WorkSpace/VHDL_processor/t03_word_RiscV_processor_pipline/t03_word_RiscV_processor_pipline.srcs/constrs_1/imports/WorkSpace/constr.xdc:11]
Resolution: If [get_<value>] was used to populate the object, check to make sure this command returns at least one valid object.
WARNING: [Vivado 12-584] No ports matched 'BTN_top[2]'. [C:/Users/arify/WorkSpace/VHDL_processor/t03_word_RiscV_processor_pipline/t03_word_RiscV_processor_pipline.srcs/constrs_1/imports/WorkSpace/constr.xdc:12]
CRITICAL WARNING: [Common 17-55] 'set_property' expects at least one object. [C:/Users/arify/WorkSpace/VHDL_processor/t03_word_RiscV_processor_pipline/t03_word_RiscV_processor_pipline.srcs/constrs_1/imports/WorkSpace/constr.xdc:12]
Resolution: If [get_<value>] was used to populate the object, check to make sure this command returns at least one valid object.
WARNING: [Vivado 12-584] No ports matched 'BTN_top[3]'. [C:/Users/arify/WorkSpace/VHDL_processor/t03_word_RiscV_processor_pipline/t03_word_RiscV_processor_pipline.srcs/constrs_1/imports/WorkSpace/constr.xdc:13]
CRITICAL WARNING: [Common 17-55] 'set_property' expects at least one object. [C:/Users/arify/WorkSpace/VHDL_processor/t03_word_RiscV_processor_pipline/t03_word_RiscV_processor_pipline.srcs/constrs_1/imports/WorkSpace/constr.xdc:13]
Resolution: If [get_<value>] was used to populate the object, check to make sure this command returns at least one valid object.
WARNING: [Vivado 12-584] No ports matched 'BTN_top[4]'. [C:/Users/arify/WorkSpace/VHDL_processor/t03_word_RiscV_processor_pipline/t03_word_RiscV_processor_pipline.srcs/constrs_1/imports/WorkSpace/constr.xdc:14]
CRITICAL WARNING: [Common 17-55] 'set_property' expects at least one object. [C:/Users/arify/WorkSpace/VHDL_processor/t03_word_RiscV_processor_pipline/t03_word_RiscV_processor_pipline.srcs/constrs_1/imports/WorkSpace/constr.xdc:14]
Resolution: If [get_<value>] was used to populate the object, check to make sure this command returns at least one valid object.
WARNING: [Vivado 12-584] No ports matched 'BTN_top[0]'. [C:/Users/arify/WorkSpace/VHDL_processor/t03_word_RiscV_processor_pipline/t03_word_RiscV_processor_pipline.srcs/constrs_1/imports/WorkSpace/constr.xdc:15]
CRITICAL WARNING: [Common 17-55] 'set_property' expects at least one object. [C:/Users/arify/WorkSpace/VHDL_processor/t03_word_RiscV_processor_pipline/t03_word_RiscV_processor_pipline.srcs/constrs_1/imports/WorkSpace/constr.xdc:15]
Resolution: If [get_<value>] was used to populate the object, check to make sure this command returns at least one valid object.
WARNING: [Vivado 12-584] No ports matched 'BTN_top[1]'. [C:/Users/arify/WorkSpace/VHDL_processor/t03_word_RiscV_processor_pipline/t03_word_RiscV_processor_pipline.srcs/constrs_1/imports/WorkSpace/constr.xdc:16]
CRITICAL WARNING: [Common 17-55] 'set_property' expects at least one object. [C:/Users/arify/WorkSpace/VHDL_processor/t03_word_RiscV_processor_pipline/t03_word_RiscV_processor_pipline.srcs/constrs_1/imports/WorkSpace/constr.xdc:16]
Resolution: If [get_<value>] was used to populate the object, check to make sure this command returns at least one valid object.
WARNING: [Vivado 12-584] No ports matched 'BTN_top[2]'. [C:/Users/arify/WorkSpace/VHDL_processor/t03_word_RiscV_processor_pipline/t03_word_RiscV_processor_pipline.srcs/constrs_1/imports/WorkSpace/constr.xdc:17]
CRITICAL WARNING: [Common 17-55] 'set_property' expects at least one object. [C:/Users/arify/WorkSpace/VHDL_processor/t03_word_RiscV_processor_pipline/t03_word_RiscV_processor_pipline.srcs/constrs_1/imports/WorkSpace/constr.xdc:17]
Resolution: If [get_<value>] was used to populate the object, check to make sure this command returns at least one valid object.
WARNING: [Vivado 12-584] No ports matched 'BTN_top[3]'. [C:/Users/arify/WorkSpace/VHDL_processor/t03_word_RiscV_processor_pipline/t03_word_RiscV_processor_pipline.srcs/constrs_1/imports/WorkSpace/constr.xdc:18]
CRITICAL WARNING: [Common 17-55] 'set_property' expects at least one object. [C:/Users/arify/WorkSpace/VHDL_processor/t03_word_RiscV_processor_pipline/t03_word_RiscV_processor_pipline.srcs/constrs_1/imports/WorkSpace/constr.xdc:18]
Resolution: If [get_<value>] was used to populate the object, check to make sure this command returns at least one valid object.
WARNING: [Vivado 12-584] No ports matched 'BTN_top[4]'. [C:/Users/arify/WorkSpace/VHDL_processor/t03_word_RiscV_processor_pipline/t03_word_RiscV_processor_pipline.srcs/constrs_1/imports/WorkSpace/constr.xdc:19]
CRITICAL WARNING: [Common 17-55] 'set_property' expects at least one object. [C:/Users/arify/WorkSpace/VHDL_processor/t03_word_RiscV_processor_pipline/t03_word_RiscV_processor_pipline.srcs/constrs_1/imports/WorkSpace/constr.xdc:19]
Resolution: If [get_<value>] was used to populate the object, check to make sure this command returns at least one valid object.
WARNING: [Vivado 12-584] No ports matched 'SW_top[0]'. [C:/Users/arify/WorkSpace/VHDL_processor/t03_word_RiscV_processor_pipline/t03_word_RiscV_processor_pipline.srcs/constrs_1/imports/WorkSpace/constr.xdc:28]
CRITICAL WARNING: [Common 17-55] 'set_property' expects at least one object. [C:/Users/arify/WorkSpace/VHDL_processor/t03_word_RiscV_processor_pipline/t03_word_RiscV_processor_pipline.srcs/constrs_1/imports/WorkSpace/constr.xdc:28]
Resolution: If [get_<value>] was used to populate the object, check to make sure this command returns at least one valid object.
WARNING: [Vivado 12-584] No ports matched 'SW_top[1]'. [C:/Users/arify/WorkSpace/VHDL_processor/t03_word_RiscV_processor_pipline/t03_word_RiscV_processor_pipline.srcs/constrs_1/imports/WorkSpace/constr.xdc:29]
CRITICAL WARNING: [Common 17-55] 'set_property' expects at least one object. [C:/Users/arify/WorkSpace/VHDL_processor/t03_word_RiscV_processor_pipline/t03_word_RiscV_processor_pipline.srcs/constrs_1/imports/WorkSpace/constr.xdc:29]
Resolution: If [get_<value>] was used to populate the object, check to make sure this command returns at least one valid object.
WARNING: [Vivado 12-584] No ports matched 'SW_top[2]'. [C:/Users/arify/WorkSpace/VHDL_processor/t03_word_RiscV_processor_pipline/t03_word_RiscV_processor_pipline.srcs/constrs_1/imports/WorkSpace/constr.xdc:30]
CRITICAL WARNING: [Common 17-55] 'set_property' expects at least one object. [C:/Users/arify/WorkSpace/VHDL_processor/t03_word_RiscV_processor_pipline/t03_word_RiscV_processor_pipline.srcs/constrs_1/imports/WorkSpace/constr.xdc:30]
Resolution: If [get_<value>] was used to populate the object, check to make sure this command returns at least one valid object.
WARNING: [Vivado 12-584] No ports matched 'SW_top[3]'. [C:/Users/arify/WorkSpace/VHDL_processor/t03_word_RiscV_processor_pipline/t03_word_RiscV_processor_pipline.srcs/constrs_1/imports/WorkSpace/constr.xdc:31]
CRITICAL WARNING: [Common 17-55] 'set_property' expects at least one object. [C:/Users/arify/WorkSpace/VHDL_processor/t03_word_RiscV_processor_pipline/t03_word_RiscV_processor_pipline.srcs/constrs_1/imports/WorkSpace/constr.xdc:31]
Resolution: If [get_<value>] was used to populate the object, check to make sure this command returns at least one valid object.
WARNING: [Vivado 12-584] No ports matched 'SW_top[4]'. [C:/Users/arify/WorkSpace/VHDL_processor/t03_word_RiscV_processor_pipline/t03_word_RiscV_processor_pipline.srcs/constrs_1/imports/WorkSpace/constr.xdc:32]
CRITICAL WARNING: [Common 17-55] 'set_property' expects at least one object. [C:/Users/arify/WorkSpace/VHDL_processor/t03_word_RiscV_processor_pipline/t03_word_RiscV_processor_pipline.srcs/constrs_1/imports/WorkSpace/constr.xdc:32]
Resolution: If [get_<value>] was used to populate the object, check to make sure this command returns at least one valid object.
WARNING: [Vivado 12-584] No ports matched 'SW_top[5]'. [C:/Users/arify/WorkSpace/VHDL_processor/t03_word_RiscV_processor_pipline/t03_word_RiscV_processor_pipline.srcs/constrs_1/imports/WorkSpace/constr.xdc:33]
CRITICAL WARNING: [Common 17-55] 'set_property' expects at least one object. [C:/Users/arify/WorkSpace/VHDL_processor/t03_word_RiscV_processor_pipline/t03_word_RiscV_processor_pipline.srcs/constrs_1/imports/WorkSpace/constr.xdc:33]
Resolution: If [get_<value>] was used to populate the object, check to make sure this command returns at least one valid object.
WARNING: [Vivado 12-584] No ports matched 'SW_top[6]'. [C:/Users/arify/WorkSpace/VHDL_processor/t03_word_RiscV_processor_pipline/t03_word_RiscV_processor_pipline.srcs/constrs_1/imports/WorkSpace/constr.xdc:34]
CRITICAL WARNING: [Common 17-55] 'set_property' expects at least one object. [C:/Users/arify/WorkSpace/VHDL_processor/t03_word_RiscV_processor_pipline/t03_word_RiscV_processor_pipline.srcs/constrs_1/imports/WorkSpace/constr.xdc:34]
Resolution: If [get_<value>] was used to populate the object, check to make sure this command returns at least one valid object.
WARNING: [Vivado 12-584] No ports matched 'SW_top[7]'. [C:/Users/arify/WorkSpace/VHDL_processor/t03_word_RiscV_processor_pipline/t03_word_RiscV_processor_pipline.srcs/constrs_1/imports/WorkSpace/constr.xdc:35]
CRITICAL WARNING: [Common 17-55] 'set_property' expects at least one object. [C:/Users/arify/WorkSpace/VHDL_processor/t03_word_RiscV_processor_pipline/t03_word_RiscV_processor_pipline.srcs/constrs_1/imports/WorkSpace/constr.xdc:35]
Resolution: If [get_<value>] was used to populate the object, check to make sure this command returns at least one valid object.
WARNING: [Vivado 12-584] No ports matched 'SW_top[8]'. [C:/Users/arify/WorkSpace/VHDL_processor/t03_word_RiscV_processor_pipline/t03_word_RiscV_processor_pipline.srcs/constrs_1/imports/WorkSpace/constr.xdc:36]
CRITICAL WARNING: [Common 17-55] 'set_property' expects at least one object. [C:/Users/arify/WorkSpace/VHDL_processor/t03_word_RiscV_processor_pipline/t03_word_RiscV_processor_pipline.srcs/constrs_1/imports/WorkSpace/constr.xdc:36]
Resolution: If [get_<value>] was used to populate the object, check to make sure this command returns at least one valid object.
WARNING: [Vivado 12-584] No ports matched 'SW_top[9]'. [C:/Users/arify/WorkSpace/VHDL_processor/t03_word_RiscV_processor_pipline/t03_word_RiscV_processor_pipline.srcs/constrs_1/imports/WorkSpace/constr.xdc:37]
CRITICAL WARNING: [Common 17-55] 'set_property' expects at least one object. [C:/Users/arify/WorkSpace/VHDL_processor/t03_word_RiscV_processor_pipline/t03_word_RiscV_processor_pipline.srcs/constrs_1/imports/WorkSpace/constr.xdc:37]
Resolution: If [get_<value>] was used to populate the object, check to make sure this command returns at least one valid object.
WARNING: [Vivado 12-584] No ports matched 'SW_top[10]'. [C:/Users/arify/WorkSpace/VHDL_processor/t03_word_RiscV_processor_pipline/t03_word_RiscV_processor_pipline.srcs/constrs_1/imports/WorkSpace/constr.xdc:38]
CRITICAL WARNING: [Common 17-55] 'set_property' expects at least one object. [C:/Users/arify/WorkSpace/VHDL_processor/t03_word_RiscV_processor_pipline/t03_word_RiscV_processor_pipline.srcs/constrs_1/imports/WorkSpace/constr.xdc:38]
Resolution: If [get_<value>] was used to populate the object, check to make sure this command returns at least one valid object.
WARNING: [Vivado 12-584] No ports matched 'SW_top[11]'. [C:/Users/arify/WorkSpace/VHDL_processor/t03_word_RiscV_processor_pipline/t03_word_RiscV_processor_pipline.srcs/constrs_1/imports/WorkSpace/constr.xdc:39]
CRITICAL WARNING: [Common 17-55] 'set_property' expects at least one object. [C:/Users/arify/WorkSpace/VHDL_processor/t03_word_RiscV_processor_pipline/t03_word_RiscV_processor_pipline.srcs/constrs_1/imports/WorkSpace/constr.xdc:39]
Resolution: If [get_<value>] was used to populate the object, check to make sure this command returns at least one valid object.
WARNING: [Vivado 12-584] No ports matched 'SW_top[12]'. [C:/Users/arify/WorkSpace/VHDL_processor/t03_word_RiscV_processor_pipline/t03_word_RiscV_processor_pipline.srcs/constrs_1/imports/WorkSpace/constr.xdc:40]
CRITICAL WARNING: [Common 17-55] 'set_property' expects at least one object. [C:/Users/arify/WorkSpace/VHDL_processor/t03_word_RiscV_processor_pipline/t03_word_RiscV_processor_pipline.srcs/constrs_1/imports/WorkSpace/constr.xdc:40]
Resolution: If [get_<value>] was used to populate the object, check to make sure this command returns at least one valid object.
WARNING: [Vivado 12-584] No ports matched 'SW_top[13]'. [C:/Users/arify/WorkSpace/VHDL_processor/t03_word_RiscV_processor_pipline/t03_word_RiscV_processor_pipline.srcs/constrs_1/imports/WorkSpace/constr.xdc:41]
CRITICAL WARNING: [Common 17-55] 'set_property' expects at least one object. [C:/Users/arify/WorkSpace/VHDL_processor/t03_word_RiscV_processor_pipline/t03_word_RiscV_processor_pipline.srcs/constrs_1/imports/WorkSpace/constr.xdc:41]
Resolution: If [get_<value>] was used to populate the object, check to make sure this command returns at least one valid object.
WARNING: [Vivado 12-584] No ports matched 'SW_top[14]'. [C:/Users/arify/WorkSpace/VHDL_processor/t03_word_RiscV_processor_pipline/t03_word_RiscV_processor_pipline.srcs/constrs_1/imports/WorkSpace/constr.xdc:42]
CRITICAL WARNING: [Common 17-55] 'set_property' expects at least one object. [C:/Users/arify/WorkSpace/VHDL_processor/t03_word_RiscV_processor_pipline/t03_word_RiscV_processor_pipline.srcs/constrs_1/imports/WorkSpace/constr.xdc:42]
Resolution: If [get_<value>] was used to populate the object, check to make sure this command returns at least one valid object.
WARNING: [Vivado 12-584] No ports matched 'SW_top[15]'. [C:/Users/arify/WorkSpace/VHDL_processor/t03_word_RiscV_processor_pipline/t03_word_RiscV_processor_pipline.srcs/constrs_1/imports/WorkSpace/constr.xdc:43]
CRITICAL WARNING: [Common 17-55] 'set_property' expects at least one object. [C:/Users/arify/WorkSpace/VHDL_processor/t03_word_RiscV_processor_pipline/t03_word_RiscV_processor_pipline.srcs/constrs_1/imports/WorkSpace/constr.xdc:43]
Resolution: If [get_<value>] was used to populate the object, check to make sure this command returns at least one valid object.
WARNING: [Vivado 12-584] No ports matched 'SW_top[0]'. [C:/Users/arify/WorkSpace/VHDL_processor/t03_word_RiscV_processor_pipline/t03_word_RiscV_processor_pipline.srcs/constrs_1/imports/WorkSpace/constr.xdc:44]
CRITICAL WARNING: [Common 17-55] 'set_property' expects at least one object. [C:/Users/arify/WorkSpace/VHDL_processor/t03_word_RiscV_processor_pipline/t03_word_RiscV_processor_pipline.srcs/constrs_1/imports/WorkSpace/constr.xdc:44]
Resolution: If [get_<value>] was used to populate the object, check to make sure this command returns at least one valid object.
WARNING: [Vivado 12-584] No ports matched 'SW_top[1]'. [C:/Users/arify/WorkSpace/VHDL_processor/t03_word_RiscV_processor_pipline/t03_word_RiscV_processor_pipline.srcs/constrs_1/imports/WorkSpace/constr.xdc:45]
CRITICAL WARNING: [Common 17-55] 'set_property' expects at least one object. [C:/Users/arify/WorkSpace/VHDL_processor/t03_word_RiscV_processor_pipline/t03_word_RiscV_processor_pipline.srcs/constrs_1/imports/WorkSpace/constr.xdc:45]
Resolution: If [get_<value>] was used to populate the object, check to make sure this command returns at least one valid object.
WARNING: [Vivado 12-584] No ports matched 'SW_top[2]'. [C:/Users/arify/WorkSpace/VHDL_processor/t03_word_RiscV_processor_pipline/t03_word_RiscV_processor_pipline.srcs/constrs_1/imports/WorkSpace/constr.xdc:46]
CRITICAL WARNING: [Common 17-55] 'set_property' expects at least one object. [C:/Users/arify/WorkSpace/VHDL_processor/t03_word_RiscV_processor_pipline/t03_word_RiscV_processor_pipline.srcs/constrs_1/imports/WorkSpace/constr.xdc:46]
Resolution: If [get_<value>] was used to populate the object, check to make sure this command returns at least one valid object.
WARNING: [Vivado 12-584] No ports matched 'SW_top[3]'. [C:/Users/arify/WorkSpace/VHDL_processor/t03_word_RiscV_processor_pipline/t03_word_RiscV_processor_pipline.srcs/constrs_1/imports/WorkSpace/constr.xdc:47]
CRITICAL WARNING: [Common 17-55] 'set_property' expects at least one object. [C:/Users/arify/WorkSpace/VHDL_processor/t03_word_RiscV_processor_pipline/t03_word_RiscV_processor_pipline.srcs/constrs_1/imports/WorkSpace/constr.xdc:47]
Resolution: If [get_<value>] was used to populate the object, check to make sure this command returns at least one valid object.
WARNING: [Vivado 12-584] No ports matched 'SW_top[4]'. [C:/Users/arify/WorkSpace/VHDL_processor/t03_word_RiscV_processor_pipline/t03_word_RiscV_processor_pipline.srcs/constrs_1/imports/WorkSpace/constr.xdc:48]
CRITICAL WARNING: [Common 17-55] 'set_property' expects at least one object. [C:/Users/arify/WorkSpace/VHDL_processor/t03_word_RiscV_processor_pipline/t03_word_RiscV_processor_pipline.srcs/constrs_1/imports/WorkSpace/constr.xdc:48]
Resolution: If [get_<value>] was used to populate the object, check to make sure this command returns at least one valid object.
WARNING: [Vivado 12-584] No ports matched 'SW_top[5]'. [C:/Users/arify/WorkSpace/VHDL_processor/t03_word_RiscV_processor_pipline/t03_word_RiscV_processor_pipline.srcs/constrs_1/imports/WorkSpace/constr.xdc:49]
CRITICAL WARNING: [Common 17-55] 'set_property' expects at least one object. [C:/Users/arify/WorkSpace/VHDL_processor/t03_word_RiscV_processor_pipline/t03_word_RiscV_processor_pipline.srcs/constrs_1/imports/WorkSpace/constr.xdc:49]
Resolution: If [get_<value>] was used to populate the object, check to make sure this command returns at least one valid object.
WARNING: [Vivado 12-584] No ports matched 'SW_top[6]'. [C:/Users/arify/WorkSpace/VHDL_processor/t03_word_RiscV_processor_pipline/t03_word_RiscV_processor_pipline.srcs/constrs_1/imports/WorkSpace/constr.xdc:50]
CRITICAL WARNING: [Common 17-55] 'set_property' expects at least one object. [C:/Users/arify/WorkSpace/VHDL_processor/t03_word_RiscV_processor_pipline/t03_word_RiscV_processor_pipline.srcs/constrs_1/imports/WorkSpace/constr.xdc:50]
Resolution: If [get_<value>] was used to populate the object, check to make sure this command returns at least one valid object.
WARNING: [Vivado 12-584] No ports matched 'SW_top[7]'. [C:/Users/arify/WorkSpace/VHDL_processor/t03_word_RiscV_processor_pipline/t03_word_RiscV_processor_pipline.srcs/constrs_1/imports/WorkSpace/constr.xdc:51]
CRITICAL WARNING: [Common 17-55] 'set_property' expects at least one object. [C:/Users/arify/WorkSpace/VHDL_processor/t03_word_RiscV_processor_pipline/t03_word_RiscV_processor_pipline.srcs/constrs_1/imports/WorkSpace/constr.xdc:51]
Resolution: If [get_<value>] was used to populate the object, check to make sure this command returns at least one valid object.
WARNING: [Vivado 12-584] No ports matched 'SW_top[8]'. [C:/Users/arify/WorkSpace/VHDL_processor/t03_word_RiscV_processor_pipline/t03_word_RiscV_processor_pipline.srcs/constrs_1/imports/WorkSpace/constr.xdc:52]
CRITICAL WARNING: [Common 17-55] 'set_property' expects at least one object. [C:/Users/arify/WorkSpace/VHDL_processor/t03_word_RiscV_processor_pipline/t03_word_RiscV_processor_pipline.srcs/constrs_1/imports/WorkSpace/constr.xdc:52]
Resolution: If [get_<value>] was used to populate the object, check to make sure this command returns at least one valid object.
WARNING: [Vivado 12-584] No ports matched 'SW_top[9]'. [C:/Users/arify/WorkSpace/VHDL_processor/t03_word_RiscV_processor_pipline/t03_word_RiscV_processor_pipline.srcs/constrs_1/imports/WorkSpace/constr.xdc:53]
CRITICAL WARNING: [Common 17-55] 'set_property' expects at least one object. [C:/Users/arify/WorkSpace/VHDL_processor/t03_word_RiscV_processor_pipline/t03_word_RiscV_processor_pipline.srcs/constrs_1/imports/WorkSpace/constr.xdc:53]
Resolution: If [get_<value>] was used to populate the object, check to make sure this command returns at least one valid object.
WARNING: [Vivado 12-584] No ports matched 'SW_top[10]'. [C:/Users/arify/WorkSpace/VHDL_processor/t03_word_RiscV_processor_pipline/t03_word_RiscV_processor_pipline.srcs/constrs_1/imports/WorkSpace/constr.xdc:54]
CRITICAL WARNING: [Common 17-55] 'set_property' expects at least one object. [C:/Users/arify/WorkSpace/VHDL_processor/t03_word_RiscV_processor_pipline/t03_word_RiscV_processor_pipline.srcs/constrs_1/imports/WorkSpace/constr.xdc:54]
Resolution: If [get_<value>] was used to populate the object, check to make sure this command returns at least one valid object.
WARNING: [Vivado 12-584] No ports matched 'SW_top[11]'. [C:/Users/arify/WorkSpace/VHDL_processor/t03_word_RiscV_processor_pipline/t03_word_RiscV_processor_pipline.srcs/constrs_1/imports/WorkSpace/constr.xdc:55]
CRITICAL WARNING: [Common 17-55] 'set_property' expects at least one object. [C:/Users/arify/WorkSpace/VHDL_processor/t03_word_RiscV_processor_pipline/t03_word_RiscV_processor_pipline.srcs/constrs_1/imports/WorkSpace/constr.xdc:55]
Resolution: If [get_<value>] was used to populate the object, check to make sure this command returns at least one valid object.
WARNING: [Vivado 12-584] No ports matched 'SW_top[12]'. [C:/Users/arify/WorkSpace/VHDL_processor/t03_word_RiscV_processor_pipline/t03_word_RiscV_processor_pipline.srcs/constrs_1/imports/WorkSpace/constr.xdc:56]
CRITICAL WARNING: [Common 17-55] 'set_property' expects at least one object. [C:/Users/arify/WorkSpace/VHDL_processor/t03_word_RiscV_processor_pipline/t03_word_RiscV_processor_pipline.srcs/constrs_1/imports/WorkSpace/constr.xdc:56]
Resolution: If [get_<value>] was used to populate the object, check to make sure this command returns at least one valid object.
WARNING: [Vivado 12-584] No ports matched 'SW_top[13]'. [C:/Users/arify/WorkSpace/VHDL_processor/t03_word_RiscV_processor_pipline/t03_word_RiscV_processor_pipline.srcs/constrs_1/imports/WorkSpace/constr.xdc:57]
CRITICAL WARNING: [Common 17-55] 'set_property' expects at least one object. [C:/Users/arify/WorkSpace/VHDL_processor/t03_word_RiscV_processor_pipline/t03_word_RiscV_processor_pipline.srcs/constrs_1/imports/WorkSpace/constr.xdc:57]
Resolution: If [get_<value>] was used to populate the object, check to make sure this command returns at least one valid object.
WARNING: [Vivado 12-584] No ports matched 'SW_top[14]'. [C:/Users/arify/WorkSpace/VHDL_processor/t03_word_RiscV_processor_pipline/t03_word_RiscV_processor_pipline.srcs/constrs_1/imports/WorkSpace/constr.xdc:58]
CRITICAL WARNING: [Common 17-55] 'set_property' expects at least one object. [C:/Users/arify/WorkSpace/VHDL_processor/t03_word_RiscV_processor_pipline/t03_word_RiscV_processor_pipline.srcs/constrs_1/imports/WorkSpace/constr.xdc:58]
Resolution: If [get_<value>] was used to populate the object, check to make sure this command returns at least one valid object.
WARNING: [Vivado 12-584] No ports matched 'SW_top[15]'. [C:/Users/arify/WorkSpace/VHDL_processor/t03_word_RiscV_processor_pipline/t03_word_RiscV_processor_pipline.srcs/constrs_1/imports/WorkSpace/constr.xdc:59]
CRITICAL WARNING: [Common 17-55] 'set_property' expects at least one object. [C:/Users/arify/WorkSpace/VHDL_processor/t03_word_RiscV_processor_pipline/t03_word_RiscV_processor_pipline.srcs/constrs_1/imports/WorkSpace/constr.xdc:59]
Resolution: If [get_<value>] was used to populate the object, check to make sure this command returns at least one valid object.
WARNING: [Vivado 12-584] No ports matched 'SEGMENT4_top[0]'. [C:/Users/arify/WorkSpace/VHDL_processor/t03_word_RiscV_processor_pipline/t03_word_RiscV_processor_pipline.srcs/constrs_1/imports/WorkSpace/constr.xdc:64]
CRITICAL WARNING: [Common 17-55] 'set_property' expects at least one object. [C:/Users/arify/WorkSpace/VHDL_processor/t03_word_RiscV_processor_pipline/t03_word_RiscV_processor_pipline.srcs/constrs_1/imports/WorkSpace/constr.xdc:64]
Resolution: If [get_<value>] was used to populate the object, check to make sure this command returns at least one valid object.
WARNING: [Vivado 12-584] No ports matched 'SEGMENT4_top[1]'. [C:/Users/arify/WorkSpace/VHDL_processor/t03_word_RiscV_processor_pipline/t03_word_RiscV_processor_pipline.srcs/constrs_1/imports/WorkSpace/constr.xdc:65]
CRITICAL WARNING: [Common 17-55] 'set_property' expects at least one object. [C:/Users/arify/WorkSpace/VHDL_processor/t03_word_RiscV_processor_pipline/t03_word_RiscV_processor_pipline.srcs/constrs_1/imports/WorkSpace/constr.xdc:65]
Resolution: If [get_<value>] was used to populate the object, check to make sure this command returns at least one valid object.
WARNING: [Vivado 12-584] No ports matched 'SEGMENT4_top[2]'. [C:/Users/arify/WorkSpace/VHDL_processor/t03_word_RiscV_processor_pipline/t03_word_RiscV_processor_pipline.srcs/constrs_1/imports/WorkSpace/constr.xdc:66]
CRITICAL WARNING: [Common 17-55] 'set_property' expects at least one object. [C:/Users/arify/WorkSpace/VHDL_processor/t03_word_RiscV_processor_pipline/t03_word_RiscV_processor_pipline.srcs/constrs_1/imports/WorkSpace/constr.xdc:66]
Resolution: If [get_<value>] was used to populate the object, check to make sure this command returns at least one valid object.
WARNING: [Vivado 12-584] No ports matched 'SEGMENT4_top[3]'. [C:/Users/arify/WorkSpace/VHDL_processor/t03_word_RiscV_processor_pipline/t03_word_RiscV_processor_pipline.srcs/constrs_1/imports/WorkSpace/constr.xdc:67]
CRITICAL WARNING: [Common 17-55] 'set_property' expects at least one object. [C:/Users/arify/WorkSpace/VHDL_processor/t03_word_RiscV_processor_pipline/t03_word_RiscV_processor_pipline.srcs/constrs_1/imports/WorkSpace/constr.xdc:67]
Resolution: If [get_<value>] was used to populate the object, check to make sure this command returns at least one valid object.
WARNING: [Vivado 12-584] No ports matched 'SEGMENT4_top[0]'. [C:/Users/arify/WorkSpace/VHDL_processor/t03_word_RiscV_processor_pipline/t03_word_RiscV_processor_pipline.srcs/constrs_1/imports/WorkSpace/constr.xdc:68]
CRITICAL WARNING: [Common 17-55] 'set_property' expects at least one object. [C:/Users/arify/WorkSpace/VHDL_processor/t03_word_RiscV_processor_pipline/t03_word_RiscV_processor_pipline.srcs/constrs_1/imports/WorkSpace/constr.xdc:68]
Resolution: If [get_<value>] was used to populate the object, check to make sure this command returns at least one valid object.
WARNING: [Vivado 12-584] No ports matched 'SEGMENT4_top[1]'. [C:/Users/arify/WorkSpace/VHDL_processor/t03_word_RiscV_processor_pipline/t03_word_RiscV_processor_pipline.srcs/constrs_1/imports/WorkSpace/constr.xdc:69]
CRITICAL WARNING: [Common 17-55] 'set_property' expects at least one object. [C:/Users/arify/WorkSpace/VHDL_processor/t03_word_RiscV_processor_pipline/t03_word_RiscV_processor_pipline.srcs/constrs_1/imports/WorkSpace/constr.xdc:69]
Resolution: If [get_<value>] was used to populate the object, check to make sure this command returns at least one valid object.
WARNING: [Vivado 12-584] No ports matched 'SEGMENT4_top[2]'. [C:/Users/arify/WorkSpace/VHDL_processor/t03_word_RiscV_processor_pipline/t03_word_RiscV_processor_pipline.srcs/constrs_1/imports/WorkSpace/constr.xdc:70]
CRITICAL WARNING: [Common 17-55] 'set_property' expects at least one object. [C:/Users/arify/WorkSpace/VHDL_processor/t03_word_RiscV_processor_pipline/t03_word_RiscV_processor_pipline.srcs/constrs_1/imports/WorkSpace/constr.xdc:70]
Resolution: If [get_<value>] was used to populate the object, check to make sure this command returns at least one valid object.
WARNING: [Vivado 12-584] No ports matched 'SEGMENT4_top[3]'. [C:/Users/arify/WorkSpace/VHDL_processor/t03_word_RiscV_processor_pipline/t03_word_RiscV_processor_pipline.srcs/constrs_1/imports/WorkSpace/constr.xdc:71]
CRITICAL WARNING: [Common 17-55] 'set_property' expects at least one object. [C:/Users/arify/WorkSpace/VHDL_processor/t03_word_RiscV_processor_pipline/t03_word_RiscV_processor_pipline.srcs/constrs_1/imports/WorkSpace/constr.xdc:71]
Resolution: If [get_<value>] was used to populate the object, check to make sure this command returns at least one valid object.
WARNING: [Vivado 12-584] No ports matched 'SEGMENT7_top[0]'. [C:/Users/arify/WorkSpace/VHDL_processor/t03_word_RiscV_processor_pipline/t03_word_RiscV_processor_pipline.srcs/constrs_1/imports/WorkSpace/constr.xdc:75]
CRITICAL WARNING: [Common 17-55] 'set_property' expects at least one object. [C:/Users/arify/WorkSpace/VHDL_processor/t03_word_RiscV_processor_pipline/t03_word_RiscV_processor_pipline.srcs/constrs_1/imports/WorkSpace/constr.xdc:75]
Resolution: If [get_<value>] was used to populate the object, check to make sure this command returns at least one valid object.
WARNING: [Vivado 12-584] No ports matched 'SEGMENT7_top[1]'. [C:/Users/arify/WorkSpace/VHDL_processor/t03_word_RiscV_processor_pipline/t03_word_RiscV_processor_pipline.srcs/constrs_1/imports/WorkSpace/constr.xdc:76]
CRITICAL WARNING: [Common 17-55] 'set_property' expects at least one object. [C:/Users/arify/WorkSpace/VHDL_processor/t03_word_RiscV_processor_pipline/t03_word_RiscV_processor_pipline.srcs/constrs_1/imports/WorkSpace/constr.xdc:76]
Resolution: If [get_<value>] was used to populate the object, check to make sure this command returns at least one valid object.
WARNING: [Vivado 12-584] No ports matched 'SEGMENT7_top[2]'. [C:/Users/arify/WorkSpace/VHDL_processor/t03_word_RiscV_processor_pipline/t03_word_RiscV_processor_pipline.srcs/constrs_1/imports/WorkSpace/constr.xdc:77]
CRITICAL WARNING: [Common 17-55] 'set_property' expects at least one object. [C:/Users/arify/WorkSpace/VHDL_processor/t03_word_RiscV_processor_pipline/t03_word_RiscV_processor_pipline.srcs/constrs_1/imports/WorkSpace/constr.xdc:77]
Resolution: If [get_<value>] was used to populate the object, check to make sure this command returns at least one valid object.
WARNING: [Vivado 12-584] No ports matched 'SEGMENT7_top[3]'. [C:/Users/arify/WorkSpace/VHDL_processor/t03_word_RiscV_processor_pipline/t03_word_RiscV_processor_pipline.srcs/constrs_1/imports/WorkSpace/constr.xdc:78]
CRITICAL WARNING: [Common 17-55] 'set_property' expects at least one object. [C:/Users/arify/WorkSpace/VHDL_processor/t03_word_RiscV_processor_pipline/t03_word_RiscV_processor_pipline.srcs/constrs_1/imports/WorkSpace/constr.xdc:78]
Resolution: If [get_<value>] was used to populate the object, check to make sure this command returns at least one valid object.
WARNING: [Vivado 12-584] No ports matched 'SEGMENT7_top[4]'. [C:/Users/arify/WorkSpace/VHDL_processor/t03_word_RiscV_processor_pipline/t03_word_RiscV_processor_pipline.srcs/constrs_1/imports/WorkSpace/constr.xdc:79]
CRITICAL WARNING: [Common 17-55] 'set_property' expects at least one object. [C:/Users/arify/WorkSpace/VHDL_processor/t03_word_RiscV_processor_pipline/t03_word_RiscV_processor_pipline.srcs/constrs_1/imports/WorkSpace/constr.xdc:79]
Resolution: If [get_<value>] was used to populate the object, check to make sure this command returns at least one valid object.
WARNING: [Vivado 12-584] No ports matched 'SEGMENT7_top[5]'. [C:/Users/arify/WorkSpace/VHDL_processor/t03_word_RiscV_processor_pipline/t03_word_RiscV_processor_pipline.srcs/constrs_1/imports/WorkSpace/constr.xdc:80]
CRITICAL WARNING: [Common 17-55] 'set_property' expects at least one object. [C:/Users/arify/WorkSpace/VHDL_processor/t03_word_RiscV_processor_pipline/t03_word_RiscV_processor_pipline.srcs/constrs_1/imports/WorkSpace/constr.xdc:80]
Resolution: If [get_<value>] was used to populate the object, check to make sure this command returns at least one valid object.
WARNING: [Vivado 12-584] No ports matched 'SEGMENT7_top[6]'. [C:/Users/arify/WorkSpace/VHDL_processor/t03_word_RiscV_processor_pipline/t03_word_RiscV_processor_pipline.srcs/constrs_1/imports/WorkSpace/constr.xdc:81]
CRITICAL WARNING: [Common 17-55] 'set_property' expects at least one object. [C:/Users/arify/WorkSpace/VHDL_processor/t03_word_RiscV_processor_pipline/t03_word_RiscV_processor_pipline.srcs/constrs_1/imports/WorkSpace/constr.xdc:81]
Resolution: If [get_<value>] was used to populate the object, check to make sure this command returns at least one valid object.
WARNING: [Vivado 12-584] No ports matched 'SEGMENT7_top[7]'. [C:/Users/arify/WorkSpace/VHDL_processor/t03_word_RiscV_processor_pipline/t03_word_RiscV_processor_pipline.srcs/constrs_1/imports/WorkSpace/constr.xdc:82]
CRITICAL WARNING: [Common 17-55] 'set_property' expects at least one object. [C:/Users/arify/WorkSpace/VHDL_processor/t03_word_RiscV_processor_pipline/t03_word_RiscV_processor_pipline.srcs/constrs_1/imports/WorkSpace/constr.xdc:82]
Resolution: If [get_<value>] was used to populate the object, check to make sure this command returns at least one valid object.
WARNING: [Vivado 12-584] No ports matched 'SEGMENT7_top[0]'. [C:/Users/arify/WorkSpace/VHDL_processor/t03_word_RiscV_processor_pipline/t03_word_RiscV_processor_pipline.srcs/constrs_1/imports/WorkSpace/constr.xdc:83]
CRITICAL WARNING: [Common 17-55] 'set_property' expects at least one object. [C:/Users/arify/WorkSpace/VHDL_processor/t03_word_RiscV_processor_pipline/t03_word_RiscV_processor_pipline.srcs/constrs_1/imports/WorkSpace/constr.xdc:83]
Resolution: If [get_<value>] was used to populate the object, check to make sure this command returns at least one valid object.
WARNING: [Vivado 12-584] No ports matched 'SEGMENT7_top[1]'. [C:/Users/arify/WorkSpace/VHDL_processor/t03_word_RiscV_processor_pipline/t03_word_RiscV_processor_pipline.srcs/constrs_1/imports/WorkSpace/constr.xdc:84]
CRITICAL WARNING: [Common 17-55] 'set_property' expects at least one object. [C:/Users/arify/WorkSpace/VHDL_processor/t03_word_RiscV_processor_pipline/t03_word_RiscV_processor_pipline.srcs/constrs_1/imports/WorkSpace/constr.xdc:84]
Resolution: If [get_<value>] was used to populate the object, check to make sure this command returns at least one valid object.
WARNING: [Vivado 12-584] No ports matched 'SEGMENT7_top[2]'. [C:/Users/arify/WorkSpace/VHDL_processor/t03_word_RiscV_processor_pipline/t03_word_RiscV_processor_pipline.srcs/constrs_1/imports/WorkSpace/constr.xdc:85]
CRITICAL WARNING: [Common 17-55] 'set_property' expects at least one object. [C:/Users/arify/WorkSpace/VHDL_processor/t03_word_RiscV_processor_pipline/t03_word_RiscV_processor_pipline.srcs/constrs_1/imports/WorkSpace/constr.xdc:85]
Resolution: If [get_<value>] was used to populate the object, check to make sure this command returns at least one valid object.
WARNING: [Vivado 12-584] No ports matched 'SEGMENT7_top[3]'. [C:/Users/arify/WorkSpace/VHDL_processor/t03_word_RiscV_processor_pipline/t03_word_RiscV_processor_pipline.srcs/constrs_1/imports/WorkSpace/constr.xdc:86]
CRITICAL WARNING: [Common 17-55] 'set_property' expects at least one object. [C:/Users/arify/WorkSpace/VHDL_processor/t03_word_RiscV_processor_pipline/t03_word_RiscV_processor_pipline.srcs/constrs_1/imports/WorkSpace/constr.xdc:86]
Resolution: If [get_<value>] was used to populate the object, check to make sure this command returns at least one valid object.
WARNING: [Vivado 12-584] No ports matched 'SEGMENT7_top[4]'. [C:/Users/arify/WorkSpace/VHDL_processor/t03_word_RiscV_processor_pipline/t03_word_RiscV_processor_pipline.srcs/constrs_1/imports/WorkSpace/constr.xdc:87]
CRITICAL WARNING: [Common 17-55] 'set_property' expects at least one object. [C:/Users/arify/WorkSpace/VHDL_processor/t03_word_RiscV_processor_pipline/t03_word_RiscV_processor_pipline.srcs/constrs_1/imports/WorkSpace/constr.xdc:87]
Resolution: If [get_<value>] was used to populate the object, check to make sure this command returns at least one valid object.
WARNING: [Vivado 12-584] No ports matched 'SEGMENT7_top[5]'. [C:/Users/arify/WorkSpace/VHDL_processor/t03_word_RiscV_processor_pipline/t03_word_RiscV_processor_pipline.srcs/constrs_1/imports/WorkSpace/constr.xdc:88]
CRITICAL WARNING: [Common 17-55] 'set_property' expects at least one object. [C:/Users/arify/WorkSpace/VHDL_processor/t03_word_RiscV_processor_pipline/t03_word_RiscV_processor_pipline.srcs/constrs_1/imports/WorkSpace/constr.xdc:88]
Resolution: If [get_<value>] was used to populate the object, check to make sure this command returns at least one valid object.
WARNING: [Vivado 12-584] No ports matched 'SEGMENT7_top[6]'. [C:/Users/arify/WorkSpace/VHDL_processor/t03_word_RiscV_processor_pipline/t03_word_RiscV_processor_pipline.srcs/constrs_1/imports/WorkSpace/constr.xdc:89]
CRITICAL WARNING: [Common 17-55] 'set_property' expects at least one object. [C:/Users/arify/WorkSpace/VHDL_processor/t03_word_RiscV_processor_pipline/t03_word_RiscV_processor_pipline.srcs/constrs_1/imports/WorkSpace/constr.xdc:89]
Resolution: If [get_<value>] was used to populate the object, check to make sure this command returns at least one valid object.
WARNING: [Vivado 12-584] No ports matched 'SEGMENT7_top[7]'. [C:/Users/arify/WorkSpace/VHDL_processor/t03_word_RiscV_processor_pipline/t03_word_RiscV_processor_pipline.srcs/constrs_1/imports/WorkSpace/constr.xdc:90]
CRITICAL WARNING: [Common 17-55] 'set_property' expects at least one object. [C:/Users/arify/WorkSpace/VHDL_processor/t03_word_RiscV_processor_pipline/t03_word_RiscV_processor_pipline.srcs/constrs_1/imports/WorkSpace/constr.xdc:90]
Resolution: If [get_<value>] was used to populate the object, check to make sure this command returns at least one valid object.
WARNING: [Vivado 12-584] No ports matched 'LED_top[0]'. [C:/Users/arify/WorkSpace/VHDL_processor/t03_word_RiscV_processor_pipline/t03_word_RiscV_processor_pipline.srcs/constrs_1/imports/WorkSpace/constr.xdc:102]
CRITICAL WARNING: [Common 17-55] 'set_property' expects at least one object. [C:/Users/arify/WorkSpace/VHDL_processor/t03_word_RiscV_processor_pipline/t03_word_RiscV_processor_pipline.srcs/constrs_1/imports/WorkSpace/constr.xdc:102]
Resolution: If [get_<value>] was used to populate the object, check to make sure this command returns at least one valid object.
WARNING: [Vivado 12-584] No ports matched 'LED_top[1]'. [C:/Users/arify/WorkSpace/VHDL_processor/t03_word_RiscV_processor_pipline/t03_word_RiscV_processor_pipline.srcs/constrs_1/imports/WorkSpace/constr.xdc:103]
CRITICAL WARNING: [Common 17-55] 'set_property' expects at least one object. [C:/Users/arify/WorkSpace/VHDL_processor/t03_word_RiscV_processor_pipline/t03_word_RiscV_processor_pipline.srcs/constrs_1/imports/WorkSpace/constr.xdc:103]
Resolution: If [get_<value>] was used to populate the object, check to make sure this command returns at least one valid object.
WARNING: [Vivado 12-584] No ports matched 'LED_top[2]'. [C:/Users/arify/WorkSpace/VHDL_processor/t03_word_RiscV_processor_pipline/t03_word_RiscV_processor_pipline.srcs/constrs_1/imports/WorkSpace/constr.xdc:104]
CRITICAL WARNING: [Common 17-55] 'set_property' expects at least one object. [C:/Users/arify/WorkSpace/VHDL_processor/t03_word_RiscV_processor_pipline/t03_word_RiscV_processor_pipline.srcs/constrs_1/imports/WorkSpace/constr.xdc:104]
Resolution: If [get_<value>] was used to populate the object, check to make sure this command returns at least one valid object.
WARNING: [Vivado 12-584] No ports matched 'LED_top[3]'. [C:/Users/arify/WorkSpace/VHDL_processor/t03_word_RiscV_processor_pipline/t03_word_RiscV_processor_pipline.srcs/constrs_1/imports/WorkSpace/constr.xdc:105]
CRITICAL WARNING: [Common 17-55] 'set_property' expects at least one object. [C:/Users/arify/WorkSpace/VHDL_processor/t03_word_RiscV_processor_pipline/t03_word_RiscV_processor_pipline.srcs/constrs_1/imports/WorkSpace/constr.xdc:105]
Resolution: If [get_<value>] was used to populate the object, check to make sure this command returns at least one valid object.
WARNING: [Vivado 12-584] No ports matched 'LED_top[4]'. [C:/Users/arify/WorkSpace/VHDL_processor/t03_word_RiscV_processor_pipline/t03_word_RiscV_processor_pipline.srcs/constrs_1/imports/WorkSpace/constr.xdc:106]
CRITICAL WARNING: [Common 17-55] 'set_property' expects at least one object. [C:/Users/arify/WorkSpace/VHDL_processor/t03_word_RiscV_processor_pipline/t03_word_RiscV_processor_pipline.srcs/constrs_1/imports/WorkSpace/constr.xdc:106]
Resolution: If [get_<value>] was used to populate the object, check to make sure this command returns at least one valid object.
WARNING: [Vivado 12-584] No ports matched 'LED_top[5]'. [C:/Users/arify/WorkSpace/VHDL_processor/t03_word_RiscV_processor_pipline/t03_word_RiscV_processor_pipline.srcs/constrs_1/imports/WorkSpace/constr.xdc:107]
CRITICAL WARNING: [Common 17-55] 'set_property' expects at least one object. [C:/Users/arify/WorkSpace/VHDL_processor/t03_word_RiscV_processor_pipline/t03_word_RiscV_processor_pipline.srcs/constrs_1/imports/WorkSpace/constr.xdc:107]
Resolution: If [get_<value>] was used to populate the object, check to make sure this command returns at least one valid object.
WARNING: [Vivado 12-584] No ports matched 'LED_top[6]'. [C:/Users/arify/WorkSpace/VHDL_processor/t03_word_RiscV_processor_pipline/t03_word_RiscV_processor_pipline.srcs/constrs_1/imports/WorkSpace/constr.xdc:108]
CRITICAL WARNING: [Common 17-55] 'set_property' expects at least one object. [C:/Users/arify/WorkSpace/VHDL_processor/t03_word_RiscV_processor_pipline/t03_word_RiscV_processor_pipline.srcs/constrs_1/imports/WorkSpace/constr.xdc:108]
Resolution: If [get_<value>] was used to populate the object, check to make sure this command returns at least one valid object.
WARNING: [Vivado 12-584] No ports matched 'LED_top[7]'. [C:/Users/arify/WorkSpace/VHDL_processor/t03_word_RiscV_processor_pipline/t03_word_RiscV_processor_pipline.srcs/constrs_1/imports/WorkSpace/constr.xdc:109]
CRITICAL WARNING: [Common 17-55] 'set_property' expects at least one object. [C:/Users/arify/WorkSpace/VHDL_processor/t03_word_RiscV_processor_pipline/t03_word_RiscV_processor_pipline.srcs/constrs_1/imports/WorkSpace/constr.xdc:109]
Resolution: If [get_<value>] was used to populate the object, check to make sure this command returns at least one valid object.
WARNING: [Vivado 12-584] No ports matched 'LED_top[8]'. [C:/Users/arify/WorkSpace/VHDL_processor/t03_word_RiscV_processor_pipline/t03_word_RiscV_processor_pipline.srcs/constrs_1/imports/WorkSpace/constr.xdc:110]
CRITICAL WARNING: [Common 17-55] 'set_property' expects at least one object. [C:/Users/arify/WorkSpace/VHDL_processor/t03_word_RiscV_processor_pipline/t03_word_RiscV_processor_pipline.srcs/constrs_1/imports/WorkSpace/constr.xdc:110]
Resolution: If [get_<value>] was used to populate the object, check to make sure this command returns at least one valid object.
WARNING: [Vivado 12-584] No ports matched 'LED_top[9]'. [C:/Users/arify/WorkSpace/VHDL_processor/t03_word_RiscV_processor_pipline/t03_word_RiscV_processor_pipline.srcs/constrs_1/imports/WorkSpace/constr.xdc:111]
CRITICAL WARNING: [Common 17-55] 'set_property' expects at least one object. [C:/Users/arify/WorkSpace/VHDL_processor/t03_word_RiscV_processor_pipline/t03_word_RiscV_processor_pipline.srcs/constrs_1/imports/WorkSpace/constr.xdc:111]
Resolution: If [get_<value>] was used to populate the object, check to make sure this command returns at least one valid object.
WARNING: [Vivado 12-584] No ports matched 'LED_top[10]'. [C:/Users/arify/WorkSpace/VHDL_processor/t03_word_RiscV_processor_pipline/t03_word_RiscV_processor_pipline.srcs/constrs_1/imports/WorkSpace/constr.xdc:112]
CRITICAL WARNING: [Common 17-55] 'set_property' expects at least one object. [C:/Users/arify/WorkSpace/VHDL_processor/t03_word_RiscV_processor_pipline/t03_word_RiscV_processor_pipline.srcs/constrs_1/imports/WorkSpace/constr.xdc:112]
Resolution: If [get_<value>] was used to populate the object, check to make sure this command returns at least one valid object.
WARNING: [Vivado 12-584] No ports matched 'LED_top[11]'. [C:/Users/arify/WorkSpace/VHDL_processor/t03_word_RiscV_processor_pipline/t03_word_RiscV_processor_pipline.srcs/constrs_1/imports/WorkSpace/constr.xdc:113]
CRITICAL WARNING: [Common 17-55] 'set_property' expects at least one object. [C:/Users/arify/WorkSpace/VHDL_processor/t03_word_RiscV_processor_pipline/t03_word_RiscV_processor_pipline.srcs/constrs_1/imports/WorkSpace/constr.xdc:113]
Resolution: If [get_<value>] was used to populate the object, check to make sure this command returns at least one valid object.
WARNING: [Vivado 12-584] No ports matched 'LED_top[12]'. [C:/Users/arify/WorkSpace/VHDL_processor/t03_word_RiscV_processor_pipline/t03_word_RiscV_processor_pipline.srcs/constrs_1/imports/WorkSpace/constr.xdc:114]
CRITICAL WARNING: [Common 17-55] 'set_property' expects at least one object. [C:/Users/arify/WorkSpace/VHDL_processor/t03_word_RiscV_processor_pipline/t03_word_RiscV_processor_pipline.srcs/constrs_1/imports/WorkSpace/constr.xdc:114]
Resolution: If [get_<value>] was used to populate the object, check to make sure this command returns at least one valid object.
WARNING: [Vivado 12-584] No ports matched 'LED_top[13]'. [C:/Users/arify/WorkSpace/VHDL_processor/t03_word_RiscV_processor_pipline/t03_word_RiscV_processor_pipline.srcs/constrs_1/imports/WorkSpace/constr.xdc:115]
CRITICAL WARNING: [Common 17-55] 'set_property' expects at least one object. [C:/Users/arify/WorkSpace/VHDL_processor/t03_word_RiscV_processor_pipline/t03_word_RiscV_processor_pipline.srcs/constrs_1/imports/WorkSpace/constr.xdc:115]
Resolution: If [get_<value>] was used to populate the object, check to make sure this command returns at least one valid object.
WARNING: [Vivado 12-584] No ports matched 'LED_top[14]'. [C:/Users/arify/WorkSpace/VHDL_processor/t03_word_RiscV_processor_pipline/t03_word_RiscV_processor_pipline.srcs/constrs_1/imports/WorkSpace/constr.xdc:116]
CRITICAL WARNING: [Common 17-55] 'set_property' expects at least one object. [C:/Users/arify/WorkSpace/VHDL_processor/t03_word_RiscV_processor_pipline/t03_word_RiscV_processor_pipline.srcs/constrs_1/imports/WorkSpace/constr.xdc:116]
Resolution: If [get_<value>] was used to populate the object, check to make sure this command returns at least one valid object.
WARNING: [Vivado 12-584] No ports matched 'LED_top[15]'. [C:/Users/arify/WorkSpace/VHDL_processor/t03_word_RiscV_processor_pipline/t03_word_RiscV_processor_pipline.srcs/constrs_1/imports/WorkSpace/constr.xdc:117]
CRITICAL WARNING: [Common 17-55] 'set_property' expects at least one object. [C:/Users/arify/WorkSpace/VHDL_processor/t03_word_RiscV_processor_pipline/t03_word_RiscV_processor_pipline.srcs/constrs_1/imports/WorkSpace/constr.xdc:117]
Resolution: If [get_<value>] was used to populate the object, check to make sure this command returns at least one valid object.
WARNING: [Vivado 12-584] No ports matched 'LED_top[0]'. [C:/Users/arify/WorkSpace/VHDL_processor/t03_word_RiscV_processor_pipline/t03_word_RiscV_processor_pipline.srcs/constrs_1/imports/WorkSpace/constr.xdc:118]
CRITICAL WARNING: [Common 17-55] 'set_property' expects at least one object. [C:/Users/arify/WorkSpace/VHDL_processor/t03_word_RiscV_processor_pipline/t03_word_RiscV_processor_pipline.srcs/constrs_1/imports/WorkSpace/constr.xdc:118]
Resolution: If [get_<value>] was used to populate the object, check to make sure this command returns at least one valid object.
WARNING: [Vivado 12-584] No ports matched 'LED_top[1]'. [C:/Users/arify/WorkSpace/VHDL_processor/t03_word_RiscV_processor_pipline/t03_word_RiscV_processor_pipline.srcs/constrs_1/imports/WorkSpace/constr.xdc:119]
CRITICAL WARNING: [Common 17-55] 'set_property' expects at least one object. [C:/Users/arify/WorkSpace/VHDL_processor/t03_word_RiscV_processor_pipline/t03_word_RiscV_processor_pipline.srcs/constrs_1/imports/WorkSpace/constr.xdc:119]
Resolution: If [get_<value>] was used to populate the object, check to make sure this command returns at least one valid object.
WARNING: [Vivado 12-584] No ports matched 'LED_top[2]'. [C:/Users/arify/WorkSpace/VHDL_processor/t03_word_RiscV_processor_pipline/t03_word_RiscV_processor_pipline.srcs/constrs_1/imports/WorkSpace/constr.xdc:120]
CRITICAL WARNING: [Common 17-55] 'set_property' expects at least one object. [C:/Users/arify/WorkSpace/VHDL_processor/t03_word_RiscV_processor_pipline/t03_word_RiscV_processor_pipline.srcs/constrs_1/imports/WorkSpace/constr.xdc:120]
Resolution: If [get_<value>] was used to populate the object, check to make sure this command returns at least one valid object.
WARNING: [Vivado 12-584] No ports matched 'LED_top[3]'. [C:/Users/arify/WorkSpace/VHDL_processor/t03_word_RiscV_processor_pipline/t03_word_RiscV_processor_pipline.srcs/constrs_1/imports/WorkSpace/constr.xdc:121]
CRITICAL WARNING: [Common 17-55] 'set_property' expects at least one object. [C:/Users/arify/WorkSpace/VHDL_processor/t03_word_RiscV_processor_pipline/t03_word_RiscV_processor_pipline.srcs/constrs_1/imports/WorkSpace/constr.xdc:121]
Resolution: If [get_<value>] was used to populate the object, check to make sure this command returns at least one valid object.
WARNING: [Vivado 12-584] No ports matched 'LED_top[4]'. [C:/Users/arify/WorkSpace/VHDL_processor/t03_word_RiscV_processor_pipline/t03_word_RiscV_processor_pipline.srcs/constrs_1/imports/WorkSpace/constr.xdc:122]
CRITICAL WARNING: [Common 17-55] 'set_property' expects at least one object. [C:/Users/arify/WorkSpace/VHDL_processor/t03_word_RiscV_processor_pipline/t03_word_RiscV_processor_pipline.srcs/constrs_1/imports/WorkSpace/constr.xdc:122]
Resolution: If [get_<value>] was used to populate the object, check to make sure this command returns at least one valid object.
WARNING: [Vivado 12-584] No ports matched 'LED_top[5]'. [C:/Users/arify/WorkSpace/VHDL_processor/t03_word_RiscV_processor_pipline/t03_word_RiscV_processor_pipline.srcs/constrs_1/imports/WorkSpace/constr.xdc:123]
CRITICAL WARNING: [Common 17-55] 'set_property' expects at least one object. [C:/Users/arify/WorkSpace/VHDL_processor/t03_word_RiscV_processor_pipline/t03_word_RiscV_processor_pipline.srcs/constrs_1/imports/WorkSpace/constr.xdc:123]
Resolution: If [get_<value>] was used to populate the object, check to make sure this command returns at least one valid object.
WARNING: [Vivado 12-584] No ports matched 'LED_top[6]'. [C:/Users/arify/WorkSpace/VHDL_processor/t03_word_RiscV_processor_pipline/t03_word_RiscV_processor_pipline.srcs/constrs_1/imports/WorkSpace/constr.xdc:124]
CRITICAL WARNING: [Common 17-55] 'set_property' expects at least one object. [C:/Users/arify/WorkSpace/VHDL_processor/t03_word_RiscV_processor_pipline/t03_word_RiscV_processor_pipline.srcs/constrs_1/imports/WorkSpace/constr.xdc:124]
Resolution: If [get_<value>] was used to populate the object, check to make sure this command returns at least one valid object.
WARNING: [Vivado 12-584] No ports matched 'LED_top[7]'. [C:/Users/arify/WorkSpace/VHDL_processor/t03_word_RiscV_processor_pipline/t03_word_RiscV_processor_pipline.srcs/constrs_1/imports/WorkSpace/constr.xdc:125]
CRITICAL WARNING: [Common 17-55] 'set_property' expects at least one object. [C:/Users/arify/WorkSpace/VHDL_processor/t03_word_RiscV_processor_pipline/t03_word_RiscV_processor_pipline.srcs/constrs_1/imports/WorkSpace/constr.xdc:125]
Resolution: If [get_<value>] was used to populate the object, check to make sure this command returns at least one valid object.
WARNING: [Vivado 12-584] No ports matched 'LED_top[8]'. [C:/Users/arify/WorkSpace/VHDL_processor/t03_word_RiscV_processor_pipline/t03_word_RiscV_processor_pipline.srcs/constrs_1/imports/WorkSpace/constr.xdc:126]
CRITICAL WARNING: [Common 17-55] 'set_property' expects at least one object. [C:/Users/arify/WorkSpace/VHDL_processor/t03_word_RiscV_processor_pipline/t03_word_RiscV_processor_pipline.srcs/constrs_1/imports/WorkSpace/constr.xdc:126]
Resolution: If [get_<value>] was used to populate the object, check to make sure this command returns at least one valid object.
WARNING: [Vivado 12-584] No ports matched 'LED_top[9]'. [C:/Users/arify/WorkSpace/VHDL_processor/t03_word_RiscV_processor_pipline/t03_word_RiscV_processor_pipline.srcs/constrs_1/imports/WorkSpace/constr.xdc:127]
CRITICAL WARNING: [Common 17-55] 'set_property' expects at least one object. [C:/Users/arify/WorkSpace/VHDL_processor/t03_word_RiscV_processor_pipline/t03_word_RiscV_processor_pipline.srcs/constrs_1/imports/WorkSpace/constr.xdc:127]
Resolution: If [get_<value>] was used to populate the object, check to make sure this command returns at least one valid object.
WARNING: [Vivado 12-584] No ports matched 'LED_top[10]'. [C:/Users/arify/WorkSpace/VHDL_processor/t03_word_RiscV_processor_pipline/t03_word_RiscV_processor_pipline.srcs/constrs_1/imports/WorkSpace/constr.xdc:128]
CRITICAL WARNING: [Common 17-55] 'set_property' expects at least one object. [C:/Users/arify/WorkSpace/VHDL_processor/t03_word_RiscV_processor_pipline/t03_word_RiscV_processor_pipline.srcs/constrs_1/imports/WorkSpace/constr.xdc:128]
Resolution: If [get_<value>] was used to populate the object, check to make sure this command returns at least one valid object.
WARNING: [Vivado 12-584] No ports matched 'LED_top[11]'. [C:/Users/arify/WorkSpace/VHDL_processor/t03_word_RiscV_processor_pipline/t03_word_RiscV_processor_pipline.srcs/constrs_1/imports/WorkSpace/constr.xdc:129]
CRITICAL WARNING: [Common 17-55] 'set_property' expects at least one object. [C:/Users/arify/WorkSpace/VHDL_processor/t03_word_RiscV_processor_pipline/t03_word_RiscV_processor_pipline.srcs/constrs_1/imports/WorkSpace/constr.xdc:129]
Resolution: If [get_<value>] was used to populate the object, check to make sure this command returns at least one valid object.
WARNING: [Vivado 12-584] No ports matched 'LED_top[12]'. [C:/Users/arify/WorkSpace/VHDL_processor/t03_word_RiscV_processor_pipline/t03_word_RiscV_processor_pipline.srcs/constrs_1/imports/WorkSpace/constr.xdc:130]
CRITICAL WARNING: [Common 17-55] 'set_property' expects at least one object. [C:/Users/arify/WorkSpace/VHDL_processor/t03_word_RiscV_processor_pipline/t03_word_RiscV_processor_pipline.srcs/constrs_1/imports/WorkSpace/constr.xdc:130]
Resolution: If [get_<value>] was used to populate the object, check to make sure this command returns at least one valid object.
WARNING: [Vivado 12-584] No ports matched 'LED_top[13]'. [C:/Users/arify/WorkSpace/VHDL_processor/t03_word_RiscV_processor_pipline/t03_word_RiscV_processor_pipline.srcs/constrs_1/imports/WorkSpace/constr.xdc:131]
CRITICAL WARNING: [Common 17-55] 'set_property' expects at least one object. [C:/Users/arify/WorkSpace/VHDL_processor/t03_word_RiscV_processor_pipline/t03_word_RiscV_processor_pipline.srcs/constrs_1/imports/WorkSpace/constr.xdc:131]
Resolution: If [get_<value>] was used to populate the object, check to make sure this command returns at least one valid object.
WARNING: [Vivado 12-584] No ports matched 'LED_top[14]'. [C:/Users/arify/WorkSpace/VHDL_processor/t03_word_RiscV_processor_pipline/t03_word_RiscV_processor_pipline.srcs/constrs_1/imports/WorkSpace/constr.xdc:132]
CRITICAL WARNING: [Common 17-55] 'set_property' expects at least one object. [C:/Users/arify/WorkSpace/VHDL_processor/t03_word_RiscV_processor_pipline/t03_word_RiscV_processor_pipline.srcs/constrs_1/imports/WorkSpace/constr.xdc:132]
Resolution: If [get_<value>] was used to populate the object, check to make sure this command returns at least one valid object.
WARNING: [Vivado 12-584] No ports matched 'LED_top[15]'. [C:/Users/arify/WorkSpace/VHDL_processor/t03_word_RiscV_processor_pipline/t03_word_RiscV_processor_pipline.srcs/constrs_1/imports/WorkSpace/constr.xdc:133]
CRITICAL WARNING: [Common 17-55] 'set_property' expects at least one object. [C:/Users/arify/WorkSpace/VHDL_processor/t03_word_RiscV_processor_pipline/t03_word_RiscV_processor_pipline.srcs/constrs_1/imports/WorkSpace/constr.xdc:133]
Resolution: If [get_<value>] was used to populate the object, check to make sure this command returns at least one valid object.
Finished Parsing XDC File [C:/Users/arify/WorkSpace/VHDL_processor/t03_word_RiscV_processor_pipline/t03_word_RiscV_processor_pipline.srcs/constrs_1/imports/WorkSpace/constr.xdc]
INFO: [Project 1-236] Implementation specific constraints were found while reading constraint file [C:/Users/arify/WorkSpace/VHDL_processor/t03_word_RiscV_processor_pipline/t03_word_RiscV_processor_pipline.srcs/constrs_1/imports/WorkSpace/constr.xdc]. These constraints will be ignored for synthesis but will be used in implementation. Impacted constraints are listed in the file [.Xil/t02_Word_top_propImpl.xdc].
Resolution: To avoid this warning, move constraints listed in [.Xil/t02_Word_top_propImpl.xdc] to another XDC file and exclude this new file from synthesis with the used_in_synthesis property (File Properties dialog in GUI) and re-run elaboration/synthesis.
Completed Processing XDC Constraints

Netlist sorting complete. Time (s): cpu = 00:00:00 ; elapsed = 00:00:00 . Memory (MB): peak = 1276.309 ; gain = 0.000
INFO: [Project 1-111] Unisim Transformation Summary:
No Unisim elements were transformed.

Constraint Validation Runtime : Time (s): cpu = 00:00:00 ; elapsed = 00:00:00.002 . Memory (MB): peak = 1276.309 ; gain = 0.000
---------------------------------------------------------------------------------
Finished Constraint Validation : Time (s): cpu = 00:00:03 ; elapsed = 00:00:08 . Memory (MB): peak = 1276.309 ; gain = 179.238
---------------------------------------------------------------------------------
---------------------------------------------------------------------------------
Start Loading Part and Timing Information
---------------------------------------------------------------------------------
Loading part: xc7a35tcpg236-1
---------------------------------------------------------------------------------
Finished Loading Part and Timing Information : Time (s): cpu = 00:00:03 ; elapsed = 00:00:08 . Memory (MB): peak = 1276.309 ; gain = 179.238
---------------------------------------------------------------------------------
---------------------------------------------------------------------------------
Start Applying 'set_property' XDC Constraints
---------------------------------------------------------------------------------
---------------------------------------------------------------------------------
Finished applying 'set_property' XDC Constraints : Time (s): cpu = 00:00:03 ; elapsed = 00:00:08 . Memory (MB): peak = 1276.309 ; gain = 179.238
---------------------------------------------------------------------------------
WARNING: [Synth 8-327] inferring latch for variable 'alubrnch_out_reg' [C:/Users/arify/WorkSpace/VHDL_processor/t03_word_RiscV_processor_pipline/t03_word_RiscV_processor_pipline.srcs/sources_1/new/t02_Word_ALUadress.vhd:55]
WARNING: [Synth 8-327] inferring latch for variable 'f7_reg' [C:/Users/arify/WorkSpace/VHDL_processor/t03_word_RiscV_processor_pipline/t03_word_RiscV_processor_pipline.srcs/sources_1/imports/sources_1/imports/sources_1/imports/new/t02_Word_IM.vhd:471]
WARNING: [Synth 8-327] inferring latch for variable 'f3_reg' [C:/Users/arify/WorkSpace/VHDL_processor/t03_word_RiscV_processor_pipline/t03_word_RiscV_processor_pipline.srcs/sources_1/imports/sources_1/imports/sources_1/imports/new/t02_Word_IM.vhd:468]
WARNING: [Synth 8-327] inferring latch for variable 'rs0_reg' [C:/Users/arify/WorkSpace/VHDL_processor/t03_word_RiscV_processor_pipline/t03_word_RiscV_processor_pipline.srcs/sources_1/imports/sources_1/imports/sources_1/imports/new/t02_Word_IM.vhd:469]
WARNING: [Synth 8-327] inferring latch for variable 'rs1_reg' [C:/Users/arify/WorkSpace/VHDL_processor/t03_word_RiscV_processor_pipline/t03_word_RiscV_processor_pipline.srcs/sources_1/imports/sources_1/imports/sources_1/imports/new/t02_Word_IM.vhd:470]
WARNING: [Synth 8-327] inferring latch for variable 'rd_reg' [C:/Users/arify/WorkSpace/VHDL_processor/t03_word_RiscV_processor_pipline/t03_word_RiscV_processor_pipline.srcs/sources_1/imports/sources_1/imports/sources_1/imports/new/t02_Word_IM.vhd:467]
WARNING: [Synth 8-327] inferring latch for variable 'imm12_reg' [C:/Users/arify/WorkSpace/VHDL_processor/t03_word_RiscV_processor_pipline/t03_word_RiscV_processor_pipline.srcs/sources_1/imports/sources_1/imports/sources_1/imports/new/t02_Word_IM.vhd:484]
WARNING: [Synth 8-327] inferring latch for variable 'imm20_reg' [C:/Users/arify/WorkSpace/VHDL_processor/t03_word_RiscV_processor_pipline/t03_word_RiscV_processor_pipline.srcs/sources_1/imports/sources_1/imports/sources_1/imports/new/t02_Word_IM.vhd:501]
WARNING: [Synth 8-327] inferring latch for variable 'IMM_out_reg' [C:/Users/arify/WorkSpace/VHDL_processor/t03_word_RiscV_processor_pipline/t03_word_RiscV_processor_pipline.srcs/sources_1/imports/sources_1/imports/sources_1/imports/new/t02_Word_immGen.vhd:51]
WARNING: [Synth 8-327] inferring latch for variable 'alu_flag_reg' [C:/Users/arify/WorkSpace/VHDL_processor/t03_word_RiscV_processor_pipline/t03_word_RiscV_processor_pipline.srcs/sources_1/imports/sources_1/imports/sources_1/new/t02_Word_ALU.vhd:63]
WARNING: [Synth 8-327] inferring latch for variable 'alu_data_out_reg' [C:/Users/arify/WorkSpace/VHDL_processor/t03_word_RiscV_processor_pipline/t03_word_RiscV_processor_pipline.srcs/sources_1/imports/sources_1/imports/sources_1/new/t02_Word_ALU.vhd:67]
WARNING: [Synth 8-327] inferring latch for variable 'cntrl_dm_bitlen_reg' [C:/Users/arify/WorkSpace/VHDL_processor/t03_word_RiscV_processor_pipline/t03_word_RiscV_processor_pipline.srcs/sources_1/imports/sources_1/imports/sources_1/imports/new/t02_Word_cntrl.vhd:90]
---------------------------------------------------------------------------------
Finished RTL Optimization Phase 2 : Time (s): cpu = 00:00:03 ; elapsed = 00:00:09 . Memory (MB): peak = 1276.309 ; gain = 179.238
---------------------------------------------------------------------------------
---------------------------------------------------------------------------------
Start RTL Component Statistics 
---------------------------------------------------------------------------------
Detailed RTL Component Info : 
+---Adders : 
	   2 Input   32 Bit       Adders := 4     
	   3 Input   32 Bit       Adders := 1     
	   2 Input   31 Bit       Adders := 1     
+---XORs : 
	   2 Input     32 Bit         XORs := 1     
+---Registers : 
	               32 Bit    Registers := 2     
+---RAMs : 
	              512 Bit	(16 X 32 bit)          RAMs := 1     
+---Muxes : 
	   2 Input   32 Bit        Muxes := 21    
	  21 Input   32 Bit        Muxes := 1     
	   4 Input   32 Bit        Muxes := 2     
	   8 Input   32 Bit        Muxes := 2     
	   6 Input   32 Bit        Muxes := 1     
	  10 Input   32 Bit        Muxes := 1     
	   3 Input   32 Bit        Muxes := 1     
	   2 Input   31 Bit        Muxes := 2     
	   2 Input   20 Bit        Muxes := 1     
	   2 Input   16 Bit        Muxes := 1     
	   3 Input   12 Bit        Muxes := 1     
	   2 Input   12 Bit        Muxes := 1     
	   4 Input    8 Bit        Muxes := 2     
	   2 Input    7 Bit        Muxes := 1     
	   5 Input    2 Bit        Muxes := 2     
	   6 Input    2 Bit        Muxes := 1     
	   2 Input    1 Bit        Muxes := 25    
	   3 Input    1 Bit        Muxes := 6     
	   7 Input    1 Bit        Muxes := 1     
	   4 Input    1 Bit        Muxes := 3     
	   8 Input    1 Bit        Muxes := 2     
	   5 Input    1 Bit        Muxes := 3     
	   6 Input    1 Bit        Muxes := 3     
---------------------------------------------------------------------------------
Finished RTL Component Statistics 
---------------------------------------------------------------------------------
---------------------------------------------------------------------------------
Start Part Resource Summary
---------------------------------------------------------------------------------
Part Resources:
DSPs: 90 (col length:60)
BRAMs: 100 (col length: RAMB18 60 RAMB36 30)
---------------------------------------------------------------------------------
Finished Part Resource Summary
---------------------------------------------------------------------------------
---------------------------------------------------------------------------------
Start Cross Boundary and Area Optimization
---------------------------------------------------------------------------------
INFO: [Synth 8-6851] RAM (DM/RAM_dm_reg) has partial Byte Wide Write Enable pattern, however no output register found in fanout of RAM. Recommended to use supported Byte Wide Write Enable template. 
INFO: [Synth 8-6851] RAM (DM/RAM_dm_reg) has partial Byte Wide Write Enable pattern, however no output register found in fanout of RAM. Recommended to use supported Byte Wide Write Enable template. 
---------------------------------------------------------------------------------
Finished Cross Boundary and Area Optimization : Time (s): cpu = 00:00:03 ; elapsed = 00:00:09 . Memory (MB): peak = 1276.309 ; gain = 179.238
---------------------------------------------------------------------------------
---------------------------------------------------------------------------------
Start Applying XDC Timing Constraints
---------------------------------------------------------------------------------
---------------------------------------------------------------------------------
Finished Applying XDC Timing Constraints : Time (s): cpu = 00:00:05 ; elapsed = 00:00:14 . Memory (MB): peak = 1276.309 ; gain = 179.238
---------------------------------------------------------------------------------
---------------------------------------------------------------------------------
Start Timing Optimization
---------------------------------------------------------------------------------
---------------------------------------------------------------------------------
Finished Timing Optimization : Time (s): cpu = 00:00:05 ; elapsed = 00:00:14 . Memory (MB): peak = 1276.309 ; gain = 179.238
---------------------------------------------------------------------------------
---------------------------------------------------------------------------------
Start Technology Mapping
---------------------------------------------------------------------------------
---------------------------------------------------------------------------------
Finished Technology Mapping : Time (s): cpu = 00:00:05 ; elapsed = 00:00:14 . Memory (MB): peak = 1276.309 ; gain = 179.238
---------------------------------------------------------------------------------
---------------------------------------------------------------------------------
Start IO Insertion
---------------------------------------------------------------------------------
---------------------------------------------------------------------------------
Start Flattening Before IO Insertion
---------------------------------------------------------------------------------
---------------------------------------------------------------------------------
Finished Flattening Before IO Insertion
---------------------------------------------------------------------------------
---------------------------------------------------------------------------------
Start Final Netlist Cleanup
---------------------------------------------------------------------------------
---------------------------------------------------------------------------------
Finished Final Netlist Cleanup
---------------------------------------------------------------------------------
---------------------------------------------------------------------------------
Finished IO Insertion : Time (s): cpu = 00:00:05 ; elapsed = 00:00:16 . Memory (MB): peak = 1276.309 ; gain = 179.238
---------------------------------------------------------------------------------
---------------------------------------------------------------------------------
Start Renaming Generated Instances
---------------------------------------------------------------------------------
---------------------------------------------------------------------------------
Finished Renaming Generated Instances : Time (s): cpu = 00:00:05 ; elapsed = 00:00:16 . Memory (MB): peak = 1276.309 ; gain = 179.238
---------------------------------------------------------------------------------
---------------------------------------------------------------------------------
Start Rebuilding User Hierarchy
---------------------------------------------------------------------------------
---------------------------------------------------------------------------------
Finished Rebuilding User Hierarchy : Time (s): cpu = 00:00:05 ; elapsed = 00:00:16 . Memory (MB): peak = 1276.309 ; gain = 179.238
---------------------------------------------------------------------------------
---------------------------------------------------------------------------------
Start Renaming Generated Ports
---------------------------------------------------------------------------------
---------------------------------------------------------------------------------
Finished Renaming Generated Ports : Time (s): cpu = 00:00:05 ; elapsed = 00:00:16 . Memory (MB): peak = 1276.309 ; gain = 179.238
---------------------------------------------------------------------------------
---------------------------------------------------------------------------------
Start Handling Custom Attributes
---------------------------------------------------------------------------------
---------------------------------------------------------------------------------
Finished Handling Custom Attributes : Time (s): cpu = 00:00:05 ; elapsed = 00:00:16 . Memory (MB): peak = 1276.309 ; gain = 179.238
---------------------------------------------------------------------------------
---------------------------------------------------------------------------------
Start Renaming Generated Nets
---------------------------------------------------------------------------------
---------------------------------------------------------------------------------
Finished Renaming Generated Nets : Time (s): cpu = 00:00:05 ; elapsed = 00:00:16 . Memory (MB): peak = 1276.309 ; gain = 179.238
---------------------------------------------------------------------------------
---------------------------------------------------------------------------------
Start Writing Synthesis Report
---------------------------------------------------------------------------------

Report BlackBoxes: 
+-+--------------+----------+
| |BlackBox name |Instances |
+-+--------------+----------+
+-+--------------+----------+

Report Cell Usage: 
+-+-----+------+
| |Cell |Count |
+-+-----+------+
+-+-----+------+
---------------------------------------------------------------------------------
Finished Writing Synthesis Report : Time (s): cpu = 00:00:05 ; elapsed = 00:00:16 . Memory (MB): peak = 1276.309 ; gain = 179.238
---------------------------------------------------------------------------------
Synthesis finished with 0 errors, 0 critical warnings and 12 warnings.
Synthesis Optimization Runtime : Time (s): cpu = 00:00:03 ; elapsed = 00:00:14 . Memory (MB): peak = 1276.309 ; gain = 51.625
Synthesis Optimization Complete : Time (s): cpu = 00:00:05 ; elapsed = 00:00:16 . Memory (MB): peak = 1276.309 ; gain = 179.238
INFO: [Project 1-571] Translating synthesized netlist
Netlist sorting complete. Time (s): cpu = 00:00:00 ; elapsed = 00:00:00 . Memory (MB): peak = 1276.309 ; gain = 0.000
INFO: [Project 1-570] Preparing netlist for logic optimization
INFO: [Opt 31-138] Pushed 0 inverter(s) to 0 load pin(s).
Netlist sorting complete. Time (s): cpu = 00:00:00 ; elapsed = 00:00:00 . Memory (MB): peak = 1276.309 ; gain = 0.000
INFO: [Project 1-111] Unisim Transformation Summary:
No Unisim elements were transformed.

INFO: [Common 17-83] Releasing license: Synthesis
54 Infos, 119 Warnings, 98 Critical Warnings and 0 Errors encountered.
synth_design completed successfully
synth_design: Time (s): cpu = 00:00:07 ; elapsed = 00:00:30 . Memory (MB): peak = 1276.309 ; gain = 179.238
INFO: [Common 17-1381] The checkpoint 'C:/Users/arify/WorkSpace/VHDL_processor/t03_word_RiscV_processor_pipline/t03_word_RiscV_processor_pipline.runs/synth_1/t02_Word_top.dcp' has been generated.
INFO: [runtcl-4] Executing : report_utilization -file t02_Word_top_utilization_synth.rpt -pb t02_Word_top_utilization_synth.pb
INFO: [Common 17-206] Exiting Vivado at Wed Jan 29 18:31:59 2025...
