INFO: [VRFC 10-163] Analyzing VHDL file "C:/Users/arify/WorkSpace/VHDL_processor/t02_word_RiscV_processor_V2_w_tb/t02_word_RiscV_processor_V2_w_tb.srcs/sources_1/imports/sources_1/imports/new/package_top.vhd" into library xil_defaultlib
INFO: [VRFC 10-163] Analyzing VHDL file "C:/Users/arify/WorkSpace/VHDL_processor/t02_word_RiscV_processor_V2_w_tb/t02_word_RiscV_processor_V2_w_tb.srcs/sources_1/imports/sources_1/new/t02_Word_ALU.vhd" into library xil_defaultlib
INFO: [VRFC 10-3107] analyzing entity 't02_Word_ALU'
INFO: [VRFC 10-163] Analyzing VHDL file "C:/Users/arify/WorkSpace/VHDL_processor/t02_word_RiscV_processor_V2_w_tb/t02_word_RiscV_processor_V2_w_tb.srcs/sources_1/imports/sources_1/imports/new/t02_Word_DM.vhd" into library xil_defaultlib
INFO: [VRFC 10-3107] analyzing entity 't02_Word_DM'
INFO: [VRFC 10-163] Analyzing VHDL file "C:/Users/arify/WorkSpace/VHDL_processor/t02_word_RiscV_processor_V2_w_tb/t02_word_RiscV_processor_V2_w_tb.srcs/sources_1/imports/sources_1/imports/new/t02_Word_IM.vhd" into library xil_defaultlib
INFO: [VRFC 10-3107] analyzing entity 't02_Word_IM'
INFO: [VRFC 10-163] Analyzing VHDL file "C:/Users/arify/WorkSpace/VHDL_processor/t02_word_RiscV_processor_V2_w_tb/t02_word_RiscV_processor_V2_w_tb.srcs/sources_1/imports/sources_1/imports/new/t02_Word_PC.vhd" into library xil_defaultlib
INFO: [VRFC 10-3107] analyzing entity 't02_Word_PC'
INFO: [VRFC 10-163] Analyzing VHDL file "C:/Users/arify/WorkSpace/VHDL_processor/t02_word_RiscV_processor_V2_w_tb/t02_word_RiscV_processor_V2_w_tb.srcs/sources_1/imports/sources_1/imports/new/t02_Word_Reg.vhd" into library xil_defaultlib
INFO: [VRFC 10-3107] analyzing entity 't02_Word_Reg'
INFO: [VRFC 10-163] Analyzing VHDL file "C:/Users/arify/WorkSpace/VHDL_processor/t02_word_RiscV_processor_V2_w_tb/t02_word_RiscV_processor_V2_w_tb.srcs/sources_1/imports/sources_1/imports/new/t02_Word_cntrl.vhd" into library xil_defaultlib
INFO: [VRFC 10-3107] analyzing entity 't02_Word_cntrl'
INFO: [VRFC 10-163] Analyzing VHDL file "C:/Users/arify/WorkSpace/VHDL_processor/t02_word_RiscV_processor_V2_w_tb/t02_word_RiscV_processor_V2_w_tb.srcs/sources_1/imports/sources_1/imports/new/t02_Word_immGen.vhd" into library xil_defaultlib
INFO: [VRFC 10-3107] analyzing entity 't02_Word_immGen'
INFO: [VRFC 10-163] Analyzing VHDL file "C:/Users/arify/WorkSpace/VHDL_processor/t02_word_RiscV_processor_V2_w_tb/t02_word_RiscV_processor_V2_w_tb.srcs/sources_1/imports/sources_1/imports/new/t02_Word_mux2.vhd" into library xil_defaultlib
INFO: [VRFC 10-3107] analyzing entity 't02_Word_mux2'
INFO: [VRFC 10-163] Analyzing VHDL file "C:/Users/arify/WorkSpace/VHDL_processor/t02_word_RiscV_processor_V2_w_tb/t02_word_RiscV_processor_V2_w_tb.srcs/sources_1/imports/sources_1/new/t02_Word_top.vhd" into library xil_defaultlib
INFO: [VRFC 10-3107] analyzing entity 't02_Word_top'
INFO: [VRFC 10-163] Analyzing VHDL file "C:/Users/arify/WorkSpace/VHDL_processor/t02_word_RiscV_processor_V2_w_tb/t02_word_RiscV_processor_V2_w_tb.srcs/sources_1/new/t02_Word_ALUbrnch.vhd" into library xil_defaultlib
INFO: [VRFC 10-3107] analyzing entity 't02_Word_ALUbrnch'
INFO: [VRFC 10-163] Analyzing VHDL file "C:/Users/arify/WorkSpace/VHDL_processor/t02_word_RiscV_processor_V2_w_tb/t02_word_RiscV_processor_V2_w_tb.srcs/sources_1/new/dummy_module.vhd" into library xil_defaultlib
INFO: [VRFC 10-3107] analyzing entity 'dummy_module'
INFO: [VRFC 10-163] Analyzing VHDL file "C:/Users/arify/WorkSpace/VHDL_processor/t02_word_RiscV_processor_V2_w_tb/t02_word_RiscV_processor_V2_w_tb.srcs/sources_1/new/userinterface_module.vhd" into library xil_defaultlib
INFO: [VRFC 10-3107] analyzing entity 'userinterface_module'
INFO: [VRFC 10-163] Analyzing VHDL file "C:/Users/arify/WorkSpace/VHDL_processor/t02_word_RiscV_processor_V2_w_tb/t02_word_RiscV_processor_V2_w_tb.srcs/sources_1/new/segment_module.vhd" into library xil_defaultlib
INFO: [VRFC 10-3107] analyzing entity 'segment_module'
INFO: [VRFC 10-163] Analyzing VHDL file "C:/Users/arify/WorkSpace/VHDL_processor/t02_word_RiscV_processor_V2_w_tb/t02_word_RiscV_processor_V2_w_tb.srcs/sources_1/new/debounce_module.vhd" into library xil_defaultlib
INFO: [VRFC 10-3107] analyzing entity 'debounce_module'
INFO: [VRFC 10-163] Analyzing VHDL file "C:/Users/arify/WorkSpace/VHDL_processor/t02_word_RiscV_processor_V2_w_tb/t02_word_RiscV_processor_V2_w_tb.srcs/sim_1/imports/new/t02_Word_tb.vhd" into library xil_defaultlib
INFO: [VRFC 10-3107] analyzing entity 't02_Word_tb'
ERROR: [VRFC 10-3353] formal port 'btn_top' has no actual or default value [C:/Users/arify/WorkSpace/VHDL_processor/t02_word_RiscV_processor_V2_w_tb/t02_word_RiscV_processor_V2_w_tb.srcs/sim_1/imports/new/t02_Word_tb.vhd:65]
ERROR: [VRFC 10-4982] syntax error near '2' [C:/Users/arify/WorkSpace/VHDL_processor/t02_word_RiscV_processor_V2_w_tb/t02_word_RiscV_processor_V2_w_tb.srcs/sim_1/imports/new/t02_Word_tb.vhd:84]
ERROR: [VRFC 10-3782] unit 'bhvrl_tb' ignored due to previous errors [C:/Users/arify/WorkSpace/VHDL_processor/t02_word_RiscV_processor_V2_w_tb/t02_word_RiscV_processor_V2_w_tb.srcs/sim_1/imports/new/t02_Word_tb.vhd:38]
INFO: [VRFC 10-3070] VHDL file 'C:/Users/arify/WorkSpace/VHDL_processor/t02_word_RiscV_processor_V2_w_tb/t02_word_RiscV_processor_V2_w_tb.srcs/sim_1/imports/new/t02_Word_tb.vhd' ignored due to errors
